[    0.000000] Initializing cgroup subsys cpuset
[    0.000000] Initializing cgroup subsys cpu
[    0.000000] Initializing cgroup subsys cpuacct
[    0.000000] Linux version 4.4.0-75-generic (buildd@lcy01-04) (gcc version 5.4.0 20160609 (Ubuntu 5.4.0-6ubuntu1~16.04.4) ) #96-Ubuntu SMP Thu Apr 20 09:55:15 UTC 2017 (Ubuntu 4.4.0-75.96-generic 4.4.59)
[    0.000000] KERNEL supported cpus:
[    0.000000]   Intel GenuineIntel
[    0.000000]   AMD AuthenticAMD
[    0.000000]   NSC Geode by NSC
[    0.000000]   Cyrix CyrixInstead
[    0.000000]   Centaur CentaurHauls
[    0.000000]   Transmeta GenuineTMx86
[    0.000000]   Transmeta TransmetaCPU
[    0.000000]   UMC UMC UMC UMC
[    0.000000] x86/fpu: Legacy x87 FPU detected.
[    0.000000] x86/fpu: Using 'lazy' FPU context switches.
[    0.000000] e820: BIOS-provided physical RAM map:
[    0.000000] BIOS-e820: [mem 0x0000000000000000-0x000000000009fbff] usable
[    0.000000] BIOS-e820: [mem 0x000000000009fc00-0x000000000009ffff] reserved
[    0.000000] BIOS-e820: [mem 0x00000000000f0000-0x00000000000fffff] reserved
[    0.000000] BIOS-e820: [mem 0x0000000000100000-0x000000003ffeffff] usable
[    0.000000] BIOS-e820: [mem 0x000000003fff0000-0x000000003fffffff] ACPI data
[    0.000000] BIOS-e820: [mem 0x00000000fec00000-0x00000000fec00fff] reserved
[    0.000000] BIOS-e820: [mem 0x00000000fee00000-0x00000000fee00fff] reserved
[    0.000000] BIOS-e820: [mem 0x00000000fffc0000-0x00000000ffffffff] reserved
[    0.000000] NX (Execute Disable) protection: active
[    0.000000] SMBIOS 2.5 present.
[    0.000000] Hypervisor detected: KVM
[    0.000000] e820: last_pfn = 0x3fff0 max_arch_pfn = 0x1000000
[    0.000000] MTRR: Disabled
[    0.000000] x86/PAT: MTRRs disabled, skipping PAT initialization too.
[    0.000000] x86/PAT: Configuration [0-7]: WB  WT  UC- UC  WB  WT  UC- UC  
[    0.000000] CPU MTRRs all blank - virtualized system.
[    0.000000] found SMP MP-table at [mem 0x0009fff0-0x0009ffff] mapped at [c009fff0]
[    0.000000] Scanning 1 areas for low memory corruption
[    0.000000] RAMDISK: [mem 0x3635a000-0x371a4fff]
[    0.000000] ACPI: Early table checksum verification disabled
[    0.000000] ACPI: RSDP 0x00000000000E0000 000024 (v02 VBOX  )
[    0.000000] ACPI: XSDT 0x000000003FFF0030 00003C (v01 VBOX   VBOXXSDT 00000001 ASL  00000061)
[    0.000000] ACPI: FACP 0x000000003FFF00F0 0000F4 (v04 VBOX   VBOXFACP 00000001 ASL  00000061)
[    0.000000] ACPI: DSDT 0x000000003FFF0470 00210F (v01 VBOX   VBOXBIOS 00000002 INTL 20100528)
[    0.000000] ACPI: FACS 0x000000003FFF0200 000040
[    0.000000] ACPI: FACS 0x000000003FFF0200 000040
[    0.000000] ACPI: APIC 0x000000003FFF0240 00005C (v02 VBOX   VBOXAPIC 00000001 ASL  00000061)
[    0.000000] ACPI: SSDT 0x000000003FFF02A0 0001CC (v01 VBOX   VBOXCPUT 00000002 INTL 20100528)
[    0.000000] 131MB HIGHMEM available.
[    0.000000] 891MB LOWMEM available.
[    0.000000]   mapped low ram: 0 - 37bfe000
[    0.000000]   low ram: 0 - 37bfe000
[    0.000000] kvm-clock: Using msrs 4b564d01 and 4b564d00
[    0.000000] kvm-clock: cpu 0, msr 0:37bfd001, primary cpu clock
[    0.000000] kvm-clock: using sched offset of 6736408322 cycles
[    0.000000] clocksource: kvm-clock: mask: 0xffffffffffffffff max_cycles: 0x1cd42e4dffb, max_idle_ns: 881590591483 ns
[    0.000000] Zone ranges:
[    0.000000]   DMA      [mem 0x0000000000001000-0x0000000000ffffff]
[    0.000000]   Normal   [mem 0x0000000001000000-0x0000000037bfdfff]
[    0.000000]   HighMem  [mem 0x0000000037bfe000-0x000000003ffeffff]
[    0.000000] Movable zone start for each node
[    0.000000] Early memory node ranges
[    0.000000]   node   0: [mem 0x0000000000001000-0x000000000009efff]
[    0.000000]   node   0: [mem 0x0000000000100000-0x000000003ffeffff]
[    0.000000] Initmem setup node 0 [mem 0x0000000000001000-0x000000003ffeffff]
[    0.000000] Using APIC driver default
[    0.000000] ACPI: PM-Timer IO Port: 0x4008
[    0.000000] IOAPIC[0]: apic_id 2, version 32, address 0xfec00000, GSI 0-23
[    0.000000] ACPI: INT_SRC_OVR (bus 0 bus_irq 0 global_irq 2 dfl dfl)
[    0.000000] ACPI: INT_SRC_OVR (bus 0 bus_irq 9 global_irq 9 high level)
[    0.000000] Using ACPI (MADT) for SMP configuration information
[    0.000000] smpboot: Allowing 2 CPUs, 0 hotplug CPUs
[    0.000000] PM: Registered nosave memory: [mem 0x00000000-0x00000fff]
[    0.000000] PM: Registered nosave memory: [mem 0x0009f000-0x0009ffff]
[    0.000000] PM: Registered nosave memory: [mem 0x000a0000-0x000effff]
[    0.000000] PM: Registered nosave memory: [mem 0x000f0000-0x000fffff]
[    0.000000] e820: [mem 0x40000000-0xfebfffff] available for PCI devices
[    0.000000] Booting paravirtualized kernel on KVM
[    0.000000] clocksource: refined-jiffies: mask: 0xffffffff max_cycles: 0xffffffff, max_idle_ns: 7645519600211568 ns
[    0.000000] setup_percpu: NR_CPUS:8 nr_cpumask_bits:8 nr_cpu_ids:2 nr_node_ids:1
[    0.000000] PERCPU: Embedded 19 pages/cpu @f71b0000 s47436 r0 d30388 u77824
[    0.000000] PV qspinlock hash table entries: 512 (order: 0, 4096 bytes)
[    0.000000] Built 1 zonelists in Zone order, mobility grouping on.  Total pages: 259800
[    0.000000] Kernel command line: BOOT_IMAGE=/boot/vmlinuz-4.4.0-75-generic root=UUID=06ed7dfc-2cba-447e-95f0-917e05151ab3 ro console=tty1 console=ttyS0
[    0.000000] PID hash table entries: 4096 (order: 2, 16384 bytes)
[    0.000000] Dentry cache hash table entries: 131072 (order: 7, 524288 bytes)
[    0.000000] Inode-cache hash table entries: 65536 (order: 6, 262144 bytes)
[    0.000000] Initializing CPU#0
[    0.000000] Initializing HighMem for node 0 (00037bfe:0003fff0)
[    0.000000] Initializing Movable for node 0 (00000000:00000000)
[    0.000000] Memory: 1008332K/1048120K available (7928K kernel code, 770K rwdata, 3164K rodata, 940K init, 800K bss, 39788K reserved, 0K cma-reserved, 135112K highmem)
[    0.000000] virtual kernel memory layout:
[    0.000000]     fixmap  : 0xfff15000 - 0xfffff000   ( 936 kB)
[    0.000000]     pkmap   : 0xffc00000 - 0xffe00000   (2048 kB)
[    0.000000]     vmalloc : 0xf83fe000 - 0xffbfe000   ( 120 MB)
[    0.000000]     lowmem  : 0xc0000000 - 0xf7bfe000   ( 891 MB)
[    0.000000]       .init : 0xc1b99000 - 0xc1c84000   ( 940 kB)
[    0.000000]       .data : 0xc17be50b - 0xc1b97b40   (3941 kB)
[    0.000000]       .text : 0xc1000000 - 0xc17be50b   (7929 kB)
[    0.000000] Checking if this processor honours the WP bit even in supervisor mode...Ok.
[    0.000000] SLUB: HWalign=64, Order=0-3, MinObjects=0, CPUs=2, Nodes=1
[    0.000000] Hierarchical RCU implementation.
[    0.000000] 	Build-time adjustment of leaf fanout to 32.
[    0.000000] 	RCU restricting CPUs from NR_CPUS=8 to nr_cpu_ids=2.
[    0.000000] RCU: Adjusting geometry for rcu_fanout_leaf=32, nr_cpu_ids=2
[    0.000000] NR_IRQS:2304 nr_irqs:440 16
[    0.000000] Console: colour VGA+ 80x25
[    0.000000] console [tty1] enabled
[    0.000000] console [ttyS0] enabled
[    0.000000] allocated 1048576 bytes of page_ext
[    0.000000] tsc: Detected 1990.002 MHz processor
[    1.229909] Calibrating delay loop (skipped) preset value.. 3980.00 BogoMIPS (lpj=7960008)
[    1.248672] pid_max: default: 32768 minimum: 301
[    1.251453] ACPI: Core revision 20150930
[    1.258722] ACPI: 2 ACPI AML tables successfully acquired and loaded
[    1.271736] Security Framework initialized
[    1.276224] Yama: becoming mindful.
[    1.280000] AppArmor: AppArmor initialized
[    1.284788] Mount-cache hash table entries: 2048 (order: 1, 8192 bytes)
[    1.289501] Mountpoint-cache hash table entries: 2048 (order: 1, 8192 bytes)
[    1.295465] Initializing cgroup subsys io
[    1.299553] Initializing cgroup subsys memory
[    1.304905] Initializing cgroup subsys devices
[    1.308942] Initializing cgroup subsys freezer
[    1.311759] Initializing cgroup subsys net_cls
[    1.315651] Initializing cgroup subsys perf_event
[    1.320660] Initializing cgroup subsys net_prio
[    1.325136] Initializing cgroup subsys hugetlb
[    1.329056] Initializing cgroup subsys pids
[    1.332174] CPU: Physical Processor ID: 0
[    1.336265] CPU: Processor Core ID: 0
[    1.340279] mce: CPU supports 0 MCE banks
[    1.344153] Last level iTLB entries: 4KB 128, 2MB 4, 4MB 4
[    1.348370] Last level dTLB entries: 4KB 256, 2MB 0, 4MB 32, 1GB 0
[    1.361419] Freeing SMP alternatives memory: 28K (c1c84000 - c1c8b000)
[    1.386218] ftrace: allocating 31398 entries in 62 pages
[    1.494861] smpboot: APIC(0) Converting physical 0 to logical package 0
[    1.500584] smpboot: Max logical packages: 1
[    1.504263] Enabling APIC mode:  Flat.  Using 1 I/O APICs
[    1.512896] ..TIMER: vector=0x30 apic1=0 pin1=2 apic2=-1 pin2=-1
[    1.625705] smpboot: CPU0: Intel(R) Core(TM)2 Duo CPU     P7350  @ 2.00GHz (family: 0x6, model: 0x17, stepping: 0x6)
[    1.640993] Performance Events: unsupported p6 CPU model 23 no PMU driver, software events only.
[    1.652032] KVM setup paravirtual spinlock
[    1.658612] x86: Booting SMP configuration:
[    1.668790] .... node  #0, CPUs:      #1
[1266874882.973143] Initializing CPU#1
[    1.675945] kvm-clock: cpu 1, msr 0:37bfd041, secondary cpu clock
[    1.691672] mce: CPU supports 0 MCE banks
[    1.695135] x86: Booted up 1 node, 2 CPUs
[    1.702484] smpboot: Total of 2 processors activated (7960.00 BogoMIPS)
[    1.711800] devtmpfs: initialized
[    1.720229] evm: security.selinux
[    1.723828] evm: security.SMACK64
[    1.729948] evm: security.SMACK64EXEC
[    1.733979] evm: security.SMACK64TRANSMUTE
[    1.807890] evm: security.SMACK64MMAP
[    1.901293] evm: security.ima
[    1.964862] evm: security.capability
[    2.040706] clocksource: jiffies: mask: 0xffffffff max_cycles: 0xffffffff, max_idle_ns: 7645041785100000 ns
[    2.117284] futex hash table entries: 512 (order: 3, 32768 bytes)
[    2.169767] pinctrl core: initialized pinctrl subsystem
[    2.187991] RTC time: 17:37:08, date: 05/07/17
[    2.225609] NET: Registered protocol family 16
[    2.246556] EISA bus registered
[    2.262066] cpuidle: using governor ladder
[    2.275796] cpuidle: using governor menu
[    2.280201] PCCT header not found.
[    2.284994] ACPI: bus type PCI registered
[    2.288940] acpiphp: ACPI Hot Plug PCI Controller Driver version: 0.5
[    2.296629] PCI : PCI BIOS area is rw and x. Use pci=nobios if you want it NX.
[    2.307068] PCI: PCI BIOS revision 2.10 entry at 0xfda26, last bus=0
[    2.314903] PCI: Using configuration type 1 for base access
[    2.337173] ACPI: Added _OSI(Module Device)
[    2.340963] ACPI: Added _OSI(Processor Device)
[    2.345549] ACPI: Added _OSI(3.0 _SCP Extensions)
[    2.351323] ACPI: Added _OSI(Processor Aggregator Device)
[    2.357402] ACPI: Executed 1 blocks of module-level executable AML code
[    2.368303] ACPI: Interpreter enabled
[    2.371820] ACPI: (supports S0 S5)
[    2.375247] ACPI: Using IOAPIC for interrupt routing
[    2.378655] PCI: Using host bridge windows from ACPI; if necessary, use "pci=nocrs" and report a bug
[    2.393699] ACPI: PCI Root Bridge [PCI0] (domain 0000 [bus 00-ff])
[    2.399680] acpi PNP0A03:00: _OSC: OS supports [ASPM ClockPM Segments MSI]
[    2.404627] acpi PNP0A03:00: _OSC failed (AE_NOT_FOUND); disabling ASPM
[    2.412805] acpi PNP0A03:00: fail to add MMCONFIG information, can't access extended PCI configuration space under this bridge.
[    2.420834] PCI host bridge to bus 0000:00
[    2.424463] pci_bus 0000:00: root bus resource [io  0x0000-0x0cf7 window]
[    2.429178] pci_bus 0000:00: root bus resource [io  0x0d00-0xffff window]
[    2.465412] pci_bus 0000:00: root bus resource [mem 0x000a0000-0x000bffff window]
[    2.471139] pci_bus 0000:00: root bus resource [mem 0x40000000-0xffdfffff window]
[    2.480763] pci_bus 0000:00: root bus resource [bus 00-ff]
[    2.488774] pci 0000:00:01.1: legacy IDE quirk: reg 0x10: [io  0x01f0-0x01f7]
[    2.499251] pci 0000:00:01.1: legacy IDE quirk: reg 0x14: [io  0x03f6]
[    2.504196] pci 0000:00:01.1: legacy IDE quirk: reg 0x18: [io  0x0170-0x0177]
[    2.508394] pci 0000:00:01.1: legacy IDE quirk: reg 0x1c: [io  0x0376]
[    2.588960] pci 0000:00:07.0: quirk: [io  0x4000-0x403f] claimed by PIIX4 ACPI
[    2.599396] pci 0000:00:07.0: quirk: [io  0x4100-0x410f] claimed by PIIX4 SMB
[    2.632225] ACPI: PCI Interrupt Link [LNKA] (IRQs 5 9 10 *11)
[    2.638251] ACPI: PCI Interrupt Link [LNKB] (IRQs 5 9 10 *11)
[    2.650387] ACPI: PCI Interrupt Link [LNKC] (IRQs 5 9 *10 11)
[    2.660291] ACPI: PCI Interrupt Link [LNKD] (IRQs 5 *9 10 11)
[    2.670128] ACPI: Enabled 2 GPEs in block 00 to 07
[    2.678693] vgaarb: setting as boot device: PCI:0000:00:02.0
[    2.688771] vgaarb: device added: PCI:0000:00:02.0,decodes=io+mem,owns=io+mem,locks=none
[    2.694835] vgaarb: loaded
[    2.702734] vgaarb: bridge control possible 0000:00:02.0
[    2.708919] SCSI subsystem initialized
[    2.713441] ACPI: bus type USB registered
[    2.717528] usbcore: registered new interface driver usbfs
[    2.728089] usbcore: registered new interface driver hub
[    2.732245] usbcore: registered new device driver usb
[    2.737867] PCI: Using ACPI for IRQ routing
[    2.744805] NetLabel: Initializing
[    2.748048] NetLabel:  domain hash size = 128
[    2.751980] NetLabel:  protocols = UNLABELED CIPSOv4
[    2.766483] NetLabel:  unlabeled traffic allowed by default
[    2.774418] amd_nb: Cannot enumerate AMD northbridges
[    2.779255] clocksource: Switched to clocksource kvm-clock
[    2.806535] AppArmor: AppArmor Filesystem Enabled
[    2.815303] pnp: PnP ACPI init
[    2.820307] pnp: PnP ACPI: found 3 devices
[    2.826980] PnPBIOS: Disabled by ACPI PNP
[    2.887285] clocksource: acpi_pm: mask: 0xffffff max_cycles: 0xffffff, max_idle_ns: 2085701024 ns
[    2.892749] NET: Registered protocol family 2
[    2.899536] TCP established hash table entries: 8192 (order: 3, 32768 bytes)
[    2.907447] TCP bind hash table entries: 8192 (order: 4, 65536 bytes)
[    2.912102] TCP: Hash tables configured (established 8192 bind 8192)
[    2.926598] UDP hash table entries: 512 (order: 2, 16384 bytes)
[    2.931006] UDP-Lite hash table entries: 512 (order: 2, 16384 bytes)
[    2.934587] NET: Registered protocol family 1
[    2.940103] pci 0000:00:00.0: Limiting direct PCI/PCI transfers
[    2.944126] pci 0000:00:01.0: Activating ISA DMA hang workarounds
[    2.955005] Unpacking initramfs...
[    3.683168] Freeing initrd memory: 14636K (f635a000 - f71a5000)
[    3.691862] platform rtc_cmos: registered platform RTC device (no PNP device found)
[    3.700895] Scanning for low memory corruption every 60 seconds
[    3.712352] audit: initializing netlink subsys (disabled)
[    3.716826] audit: type=2000 audit(1494178636.698:1): initialized
[    3.723032] Initialise system trusted keyring
[    3.728019] HugeTLB registered 2 MB page size, pre-allocated 0 pages
[    3.734672] zbud: loaded
[    3.743698] VFS: Disk quotas dquot_6.6.0
[    3.840833] VFS: Dquot-cache hash table entries: 1024 (order 0, 4096 bytes)
[    3.864304] squashfs: version 4.0 (2009/01/31) Phillip Lougher
[    3.869630] fuse init (API version 7.23)
[    3.873792] Key type big_key registered
[    3.876304] Allocating IMA MOK and blacklist keyrings.
[    3.888590] Key type asymmetric registered
[    3.894054] Asymmetric key parser 'x509' registered
[    3.897003] bounce: pool size: 64 pages
[    3.902367] Block layer SCSI generic (bsg) driver version 0.4 loaded (major 249)
[    3.911831] io scheduler noop registered
[    3.915365] io scheduler deadline registered (default)
[    3.920154] io scheduler cfq registered
[    3.922920] pci_hotplug: PCI Hot Plug PCI Core version: 0.5
[    3.927360] pciehp: PCI Express Hot Plug Controller Driver version: 0.4
[    3.937124] ACPI: AC Adapter [AC] (on-line)
[    3.945007] input: Power Button as /devices/LNXSYSTM:00/LNXPWRBN:00/input/input0
[    3.951739] ACPI: Power Button [PWRF]
[    3.954909] input: Sleep Button as /devices/LNXSYSTM:00/LNXSLPBN:00/input/input1
[    3.960870] ACPI: Sleep Button [SLPF]
[    3.967634] GHES: HEST is not enabled!
[    3.969705] ACPI: Battery Slot [BAT0] (battery present)
[    3.980874] isapnp: Scanning for PnP cards...
[    3.993434] Serial: 8250/16550 driver, 32 ports, IRQ sharing enabled
[    4.025491] 00:02: ttyS0 at I/O 0x3f8 (irq = 4, base_baud = 115200) is a 16550A
[    4.046725] Linux agpgart interface v0.103
[    4.053936] loop: module loaded
[    4.059973] scsi host0: ata_piix
[    4.063346] scsi host1: ata_piix
[    4.066536] ata1: PATA max UDMA/33 cmd 0x1f0 ctl 0x3f6 bmdma 0xd000 irq 14
[    4.073710] ata2: PATA max UDMA/33 cmd 0x170 ctl 0x376 bmdma 0xd008 irq 15
[    4.080070] libphy: Fixed MDIO Bus: probed
[    4.085168] tun: Universal TUN/TAP device driver, 1.6
[    4.090633] tun: (C) 1999-2004 Max Krasnyansky <maxk@qualcomm.com>
[    4.096376] PPP generic driver version 2.4.2
[    4.100442] ehci_hcd: USB 2.0 'Enhanced' Host Controller (EHCI) Driver
[    4.108010] ehci-pci: EHCI PCI platform driver
[    4.142205] ehci-platform: EHCI generic platform driver
[    4.307216] ohci_hcd: USB 1.1 'Open' Host Controller (OHCI) Driver
[    4.362806] isapnp: No Plug & Play device found
[    4.371814] ohci-pci: OHCI PCI platform driver
[    4.375584] ohci-platform: OHCI generic platform driver
[    4.378532] uhci_hcd: USB Universal Host Controller Interface driver
[    4.383464] i8042: PNP: PS/2 Controller [PNP0303:PS2K,PNP0f03:PS2M] at 0x60,0x64 irq 1,12
[    4.399419] serio: i8042 KBD port at 0x60,0x64 irq 1
[    4.407890] serio: i8042 AUX port at 0x60,0x64 irq 12
[    4.413731] mousedev: PS/2 mouse device common for all mice
[    4.419797] rtc_cmos rtc_cmos: rtc core: registered rtc_cmos as rtc0
[    4.424912] rtc_cmos rtc_cmos: alarms up to one day, 114 bytes nvram
[    4.428525] i2c /dev entries driver
[    4.433298] input: AT Translated Set 2 keyboard as /devices/platform/i8042/serio0/input/input2
[    4.440905] device-mapper: uevent: version 1.0.3
[    4.444087] device-mapper: ioctl: 4.34.0-ioctl (2015-10-28) initialised: dm-devel@redhat.com
[    4.449527] platform eisa.0: Probing EISA bus 0
[    4.454179] platform eisa.0: EISA: Cannot allocate resource for mainboard
[    4.458468] platform eisa.0: Cannot allocate resource for EISA slot 1
[    4.463755] platform eisa.0: Cannot allocate resource for EISA slot 2
[    4.474569] platform eisa.0: Cannot allocate resource for EISA slot 3
[    4.480269] platform eisa.0: Cannot allocate resource for EISA slot 4
[    4.486050] platform eisa.0: Cannot allocate resource for EISA slot 5
[    4.490633] platform eisa.0: Cannot allocate resource for EISA slot 6
[    4.496449] platform eisa.0: Cannot allocate resource for EISA slot 7
[    4.501067] platform eisa.0: Cannot allocate resource for EISA slot 8
[    4.506280] platform eisa.0: EISA: Detected 0 cards
[    4.510717] cpufreq-nforce2: No nForce2 chipset.
[    4.513642] ledtrig-cpu: registered to indicate activity on CPUs
[    4.519184] NET: Registered protocol family 10
[    4.523084] NET: Registered protocol family 17
[    4.527277] Key type dns_resolver registered
[    4.531784] microcode: CPU0 sig=0x10676, pf=0x40, revision=0x60b
[    4.537716] microcode: CPU1 sig=0x10676, pf=0x40, revision=0x60b
[    4.541209] microcode: Microcode Update Driver: v2.01 <tigran@aivazian.fsnet.co.uk>, Peter Oruba
[    4.548633] Using IPI No-Shortcut mode
[    4.551321] registered taskstats version 1
[    4.554033] Loading compiled-in X.509 certificates
[    4.566245] Loaded X.509 cert 'Build time autogenerated kernel key: 07b96e98effcf92e436e5474864c4a8d42920bdd'
[    4.577320] zswap: loaded using pool lzo/zbud
[    4.597841] Key type trusted registered
[    4.636723] Key type encrypted registered
[    4.647607] AppArmor: AppArmor sha1 policy hashing enabled
[    4.650751] ima: No TPM chip found, activating TPM-bypass!
[    4.655347] evm: HMAC attrs: 0x1
[    4.660206]   Magic number: 1:902:642
[    4.664018] rtc_cmos rtc_cmos: setting system clock to 2017-05-07 17:37:11 UTC (1494178631)
[    4.672335] BIOS EDD facility v0.16 2004-Jun-25, 0 devices found
[    4.682587] EDD information not available.
[    4.692863] Freeing unused kernel memory: 940K (c1b99000 - c1c84000)
[    4.714820] tsc: Refined TSC clocksource calibration: 1990.726 MHz
[    4.723604] clocksource: tsc: mask: 0xffffffffffffffff max_cycles: 0x3963eaf4262, max_idle_ns: 881590760035 ns
[    5.130665] Write protecting the kernel text: 7932k
[    5.144603] Write protecting the kernel read-only data: 3168k
[    5.158934] NX-protecting the kernel data: 6404k
Loading, please wait...
starting version 229
[    5.530400] random: systemd-udevd: uninitialized urandom read (16 bytes read, 1 bits of entropy available)
[    5.549091] random: systemd-udevd: uninitialized urandom read (16 bytes read, 1 bits of entropy available)
[    5.561542] random: systemd-udevd: uninitialized urandom read (16 bytes read, 1 bits of entropy available)
[    5.589972] random: udevadm: uninitialized urandom read (16 bytes read, 1 bits of entropy available)
[    5.602099] random: udevadm: uninitialized urandom read (16 bytes read, 1 bits of entropy available)
[    5.610572] random: udevadm: uninitialized urandom read (16 bytes read, 1 bits of entropy available)
[    5.623041] random: udevadm: uninitialized urandom read (16 bytes read, 1 bits of entropy available)
[    5.633752] random: udevadm: uninitialized urandom read (16 bytes read, 1 bits of entropy available)
[    5.643938] random: udevadm: uninitialized urandom read (16 bytes read, 1 bits of entropy available)
[    5.688202] random: udevadm: uninitialized urandom read (16 bytes read, 1 bits of entropy available)
[    6.035666] e1000: Intel(R) PRO/1000 Network Driver - version 7.3.21-k8-NAPI
[    6.042228] e1000: Copyright (c) 1999-2006 Intel Corporation.
[    6.118755] Fusion MPT base driver 3.04.20
[    6.122479] Copyright (c) 1999-2008 LSI Corporation
[    6.465255] input: ImExPS/2 Generic Explorer Mouse as /devices/platform/i8042/serio1/input/input4
[    6.516913] Fusion MPT SPI Host driver 3.04.20
[    7.031855] e1000 0000:00:03.0 eth0: (PCI:33MHz:32-bit) 02:b4:50:8c:bb:de
[    7.037656] e1000 0000:00:03.0 eth0: Intel(R) PRO/1000 Network Connection
[    7.045757] mptbase: ioc0: Initiating bringup
[    7.050983] e1000 0000:00:03.0 enp0s3: renamed from eth0
[    7.112599] ioc0: LSI53C1030 A0: Capabilities={Initiator}
[    7.309213] scsi host2: ioc0: LSI53C1030 A0, FwRev=00000000h, Ports=1, MaxQ=256, IRQ=20
[    7.494034] scsi 2:0:0:0: Direct-Access     VBOX     HARDDISK         1.0  PQ: 0 ANSI: 5
[    7.509793] scsi target2:0:0: Beginning Domain Validation
[    7.517128] scsi target2:0:0: Domain Validation skipping write tests
[    7.526128] scsi target2:0:0: Ending Domain Validation
[    7.529985] scsi target2:0:0: asynchronous
[    7.534210] scsi 2:0:1:0: Direct-Access     VBOX     HARDDISK         1.0  PQ: 0 ANSI: 5
[    7.548209] scsi target2:0:1: Beginning Domain Validation
[    7.556790] scsi target2:0:1: Domain Validation skipping write tests
[    7.565779] scsi target2:0:1: Ending Domain Validation
[    7.575118] scsi target2:0:1: asynchronous
[    7.600692] sd 2:0:0:0: [sda] 20971520 512-byte logical blocks: (10.7 GB/10.0 GiB)
[    7.600747] sd 2:0:0:0: Attached scsi generic sg0 type 0
[    7.601211] sd 2:0:1:0: Attached scsi generic sg1 type 0
[    7.872010] sd 2:0:1:0: [sdb] 20480 512-byte logical blocks: (10.5 MB/10.0 MiB)
[    7.872453] sd 2:0:0:0: [sda] Write Protect is off
[    7.872664] sd 2:0:0:0: [sda] Incomplete mode parameter data
[    7.872666] sd 2:0:0:0: [sda] Assuming drive cache: write through
[    7.898687] sd 2:0:1:0: [sdb] Write Protect is off
[    7.903285]  sda: sda1
[    7.910237] sd 2:0:1:0: [sdb] Incomplete mode parameter data
[    7.913342] sd 2:0:0:0: [sda] Attached SCSI disk
[    7.931970] sd 2:0:1:0: [sdb] Assuming drive cache: write through
[    7.950024] sd 2:0:1:0: [sdb] Attached SCSI disk
[    9.048760] floppy0: no floppy controllers found
Begin: Loading essential drivers ... [   12.267726] md: linear personality registered for level -1
[   12.341870] md: multipath personality registered for level -4
[   12.433458] md: raid0 personality registered for level 0
[   12.627811] md: raid1 personality registered for level 1
[   12.936086] raid6: mmxx1    gen()  1703 MB/s
[   13.020459] raid6: mmxx2    gen()  2382 MB/s
[   13.091330] raid6: sse1x1   gen()  1650 MB/s
[   13.160126] raid6: sse1x2   gen()  2060 MB/s
[   13.228544] raid6: sse2x1   gen()  3122 MB/s
[   13.300012] raid6: sse2x1   xor()  3155 MB/s
[   13.371885] raid6: sse2x2   gen()  3685 MB/s
[   13.445706] raid6: sse2x2   xor()  3982 MB/s
[   13.450522] raid6: using algorithm sse2x2 gen() 3685 MB/s
[   13.454287] raid6: .... xor() 3982 MB/s, rmw enabled
[   13.457309] raid6: using ssse3x1 recovery algorithm
[   13.483999] xor: measuring software checksum speed
[   13.531291]    pIII_sse  :  7460.000 MB/sec
[   13.579331]    prefetch64-sse: 10513.000 MB/sec
[   13.588309] xor: using function: prefetch64-sse (10513.000 MB/sec)
[   13.600462] async_tx: api initialized (async)
[   13.735649] md: raid6 personality registered for level 6
[   13.742311] md: raid5 personality registered for level 5
[   13.748774] md: raid4 personality registered for level 4
[   13.934329] md: raid10 personality registered for level 10
done.
Begin: Running /scripts/init-premount ... done.
Begin: Mounting root file system ... Begin: Running /scripts/local-top ... done.
Begin: Running /scripts/local-premount ... [   14.404071] Btrfs loaded
Scanning for Btrfs filesystems
done.
Warning: fsck not present, so skipping root file[   14.833284] EXT4-fs (sda1): INFO: recovery required on readonly filesystem
 system
[   14.847647] EXT4-fs (sda1): write access will be enabled during recovery
[   15.162044] EXT4-fs (sda1): recovery complete
[   15.173293] EXT4-fs (sda1): mounted filesystem with ordered data mode. Opts: (null)
done.
Begin: Running /scripts/local-bottom ... done.
Begin: Running /scripts/init-bottom ... done.
[   15.976103] systemd[1]: systemd 229 running in system mode. (+PAM +AUDIT +SELINUX +IMA +APPARMOR +SMACK +SYSVINIT +UTMP +LIBCRYPTSETUP +GCRYPT +GNUTLS +ACL +XZ -LZ4 +SECCOMP +BLKID +ELFUTILS +KMOD -IDN)
[   15.994165] systemd[1]: Detected virtualization oracle.
[   16.000492] systemd[1]: Detected architecture x86.

Welcome to [1mUbuntu 16.04.2 LTS[0m!

[   16.024779] systemd[1]: Set hostname to <ubuntu-xenial>.
[   16.088532] random: nonblocking pool is initialized
[   17.851223] systemd[1]: Listening on udev Control Socket.
[[0;32m  OK  [0m] Listening on udev Control Socket.
[   17.903920] systemd[1]: Listening on LVM2 metadata daemon socket.
[[0;32m  OK  [0m] Listening on LVM2 metadata daemon socket.
[   17.923866] systemd[1]: Listening on /dev/initctl Compatibility Named Pipe.
[[0;32m  OK  [0m] Listening on /dev/initctl Compatibility Named Pipe.
[   17.972234] systemd[1]: Set up automount Arbitrary Executable File Formats File System Automount Point.
[[0;32m  OK  [0m] Set up automount Arbitrary Executab...ats File System Automount Point.
[   18.002492] systemd[1]: Reached target Encrypted Volumes.
[[0;32m  OK  [0m] Reached target Encrypted Volumes.
[   18.027837] systemd[1]: Listening on Device-mapper event daemon FIFOs.
[[0;32m  OK  [0m] Listening on Device-mapper event daemon FIFOs.
[   18.070643] systemd[1]: Reached target User and Group Name Lookups.
[[0;32m  OK  [0m] Reached target User and Group Name Lookups.
[   18.089488] systemd[1]: Listening on LVM2 poll daemon socket.
[[0;32m  OK  [0m] Listening on LVM2 poll daemon socket.
[   18.104606] systemd[1]: Reached target Swap.
[[0;32m  OK  [0m] Reached target Swap.
[   18.128555] systemd[1]: Listening on Syslog Socket.
[[0;32m  OK  [0m] Listening on Syslog Socket.
[   18.140048] systemd[1]: Listening on Journal Socket (/dev/log).
[[0;32m  OK  [0m] Listening on Journal Socket (/dev/log).
[   18.153633] systemd[1]: Started Forward Password Requests to Wall Directory Watch.
[[0;32m  OK  [0m] Started Forward Password Requests to Wall Directory Watch.
[   18.169732] systemd[1]: Listening on Journal Socket.
[[0;32m  OK  [0m] Listening on Journal Socket.
[   18.188112] systemd[1]: Listening on udev Kernel Socket.
[[0;32m  OK  [0m] Listening on udev Kernel Socket.
[   18.304251] systemd[1]: Listening on Journal Audit Socket.
[[0;32m  OK  [0m] Listening on Journal Audit Socket.
[   18.596496] systemd[1]: Created slice System Slice.
[[0;32m  OK  [0m] Created slice System Slice.
[   18.652102] systemd[1]: Starting Monitoring of LVM2 mirrors, snapshots etc. using dmeventd or progress polling...
         Starting Monitoring of LVM2 mirrors... dmeventd or progress polling...
[   18.709429] systemd[1]: Mounting Huge Pages File System...
         Mounting Huge Pages File System...
[   18.860928] systemd[1]: Starting Journal Service...
         Starting Journal Service...
[   18.985790] systemd[1]: Mounting Debug File System...
         Mounting Debug File System...
[   19.010257] systemd[1]: Created slice system-serial\x2dgetty.slice.
[[0;32m  OK  [0m] Created slice system-serial\x2dgetty.slice.
[   19.062962] systemd[1]: Created slice system-postgresql.slice.
[[0;32m  OK  [0m] Created slice system-postgresql.slice.
[   19.297327] systemd[1]: Starting Create list of required static device nodes for the current kernel...
         Starting Create list of required st... nodes for the current kernel...
[   19.369998] systemd[1]: Starting Load Kernel Modules...
         Starting Load Kernel Modules...
[   19.392581] systemd[1]: Mounting POSIX Message Queue File System...
         Mounting POSIX Message [   19.552137] Loading iSCSI transport class v2.0-870.
Queue File System...
[   19.759200] systemd[1]: Starting Set console keymap...
         Starting Set console keymap...
[   19.932808] iscsi: registered transport (tcp)
[   20.079763] systemd[1]: Starting Remount Root and Kernel File Systems...
         Starting Remount Root and Kernel File Systems...
[   20.431742] systemd[1]: Starting Nameserver information manager...
         Starting Nameserver inf[   20.483338] EXT4-fs (sda1): re-mounted. Opts: (null)
ormation manager...
[   20.543059] systemd[1]: Starting Uncomplicated firewall...
         Starting Uncomplicated firewall...
[   20.688016] systemd[1]: Created slice User and Session Slice.
[[0;32m  OK  [0m] Created slice User and Session Slice.
[   20.748006] systemd[1]: Reached target Slices.
[[0;32m  OK  [0m] Reached target Slices.
[   20.840895] systemd[1]: Mounted Huge Pages File System.
[[0;32m  OK  [0m] Mounted Huge Pages File System.
[   20.864535] systemd[1]: Mounted Debug File System.
[[0;32m  OK  [0m] Mounted Debug File System.
[   20.889467] systemd[1]: Mounted POSIX Message Queue File System.
[[0;32m  OK  [0m] Mounted POSIX Message Queue File System.
[   20.907492] systemd[1]: Started Journal Service.
[[0;32m  OK  [0m] Started Journal Service.
[   20.938981] iscsi: registered transport (iser)
[[0;32m  OK  [0m] Started Create list of required sta...ce nodes for the current kernel.
[[0;32m  OK  [0m] Started Load Kernel Modules.
[[0;32m  OK  [0m] Started Set console keymap.
[[0;32m  OK  [0m] Started Remount Root and Kernel File Systems.
[[0;32m  OK  [0m] Started Uncomplicated firewall.
[[0;32m  OK  [0m] Started Nameserver information manager.
[[0;32m  OK  [0m] Started LVM2 metadata daemon.
         Starting Load/Save Random Seed...
         Starting Initial cloud-init job (pre-networking)...
         Starting udev Coldplug all Devices...
         Mounting FUSE Control File System...
         Starting Apply Kernel Variables...
         Starting Create Static Device Nodes in /dev...
         Starting Flush Journal to Persistent Storage...
[[0;32m  OK  [0m] Started Load/Save Random Seed.
[[0;32m  OK  [0m] Mounted FUSE Control File System.
[[0;32m  OK  [0m] Started Apply Kernel Variables.
[[0;32m  OK  [0m] Started Monitoring of LVM2 mirrors,...ng dmeventd or progress polling.
[[0;32m  OK  [0m] Started Create Static Device Nodes in /dev.
[[0;32m  OK  [0m] Started Flush Journal to Persistent Storage.
         Starting udev Kernel Device Manager...
[[0;32m  OK  [0m] Started udev Coldplug all Devices.
[[0;32m  OK  [0m] Started udev Kernel Device Manager.
[[0;32m  OK  [0m] Reached target Local File Systems (Pre).
[[0;32m  OK  [0m] Reached target Local File Systems.
         Starting LSB: AppArmor initialization...
         Starting Set console font and keymap...
         Starting Tell Plymouth To Write Out Runtime Data...
         Starting Create Volatile Files and Directories...
[[0;32m  OK  [0m] Started Dispatch Password Requests to Console Directory Watch.
[[0;32m  OK  [0m] Started Tell Plymouth To Write Out Runtime Data.
[[0;32m  OK  [0m] Started Create Volatile Files and Directories.
         Starting Update UTMP about System Boot/Shutdown...
[[0;32m  OK  [0m] Reached target System Time Synchronized.
[[0;32m  OK  [0m] Started Update UTMP about System Boot/Shutdown.
[[0;32m  OK  [0m] Found device /dev/ttyS0.
[[0;32m  OK  [0m] Listening on Load/Save RF Kill Switch Status /dev/rfkill Watch.
[[0;32m  OK  [0m] Found device 82540EM Gigabit Ethern...r (PRO/1000 MT Desktop Adapter).
[[0;32m  OK  [0m] Started LSB: AppArmor initialization.
[   57.992628] cloud-init[426]: Cloud-init v. 0.7.9 running 'init-local' at Sun, 07 May 2017 17:38:04 +0000. Up 55.19 seconds.
[[0;32m  OK  [0m] Started Set console font and keymap.
[[0;32m  OK  [0m] Created slice system-getty.slice.
[[0;32m  OK  [0m] Started Initial cloud-init job (pre-networking).
[[0;32m  OK  [0m] Reached target Network (Pre).
         Starting Raise network interfaces...
[[0;32m  OK  [0m] Started ifup for enp0s3.
[    [0;31m*[0;1;31m*[0m] A start job is running for Raise network interfaces (48s / 5min 42s)[K[   [0;31m*[0;1;31m*[0m[0;31m*[0m] A start job is running for Raise network interfaces (48s / 5min 42s)[K[  [0;31m*[0;1;31m*[0m[0;31m* [0m] A start job is running for Raise network interfaces (49s / 5min 42s)[K[ [0;31m*[0;1;31m*[0m[0;31m*  [0m] A start job is running for Raise network interfaces (49s / 5min 42s)[K[[0;31m*[0;1;31m*[0m[0;31m*   [0m] A start job is running for Raise network interfaces (50s / 5min 42s)[K[[0;1;31m*[0m[0;31m*    [0m] A start job is running for Raise network interfaces (50s / 5min 42s)[K[[0m[0;31m*     [0m] A start job is running for Raise network interfaces (51s / 5min 42s)[K[[0;1;31m*[0m[0;31m*    [0m] A start job is running for Raise network interfaces (51s / 5min 42s)[K[[0;31m*[0;1;31m*[0m[0;31m*   [0m] A start job is running for Raise network interfaces (52s / 5min 42s)[K[ [0;31m*[0;1;31m*[0m[0;31m*  [0m] A start job is running for Raise network interfaces (52s / 5min 42s)[K[  [0;31m*[0;1;31m*[0m[0;31m* [0m] A start job is running for Raise network interfaces (53s / 5min 42s)[K[   [0;31m*[0;1;31m*[0m[0;31m*[0m] A start job is running for Raise network interfaces (53s / 5min 42s)[K[    [0;31m*[0;1;31m*[0m] A start job is running for Raise network interfaces (54s / 5min 42s)[K[     [0;31m*[0m] A start job is running for Raise network interfaces (54s / 5min 42s)[K[    [0;31m*[0;1;31m*[0m] A start job is running for Raise network interfaces (55s / 5min 42s)[K[   [0;31m*[0;1;31m*[0m[0;31m*[0m] A start job is running for Raise network interfaces (55s / 5min 42s)[K[  [0;31m*[0;1;31m*[0m[0;31m* [0m] A start job is running for Raise network interfaces (56s / 5min 42s)[K[ [0;31m*[0;1;31m*[0m[0;31m*  [0m] A start job is running for Raise network interfaces (56s / 5min 42s)[K[[0;31m*[0;1;31m*[0m[0;31m*   [0m] A start job is running for Raise network interfaces (57s / 5min 42s)[K[[0;1;31m*[0m[0;31m*    [0m] A start job is running for Raise network interfaces (57s / 5min 42s)[K[[0m[0;31m*     [0m] A start job is running for Raise network interfaces (58s / 5min 42s)[K[[0;1;31m*[0m[0;31m*    [0m] A start job is running for Raise network interfaces (58s / 5min 42s)[K[[0;31m*[0;1;31m*[0m[0;31m*   [0m] A start job is running for Raise network interfaces (59s / 5min 42s)[K[ [0;31m*[0;1;31m*[0m[0;31m*  [0m] A start job is running for Raise network interfaces (59s / 5min 42s)[K[  [0;31m*[0;1;31m*[0m[0;31m* [0m] A start job is running for Raise network interfaces (1min / 5min 42s)[K[   [0;31m*[0;1;31m*[0m[0;31m*[0m] A start job is running for Raise network interfaces (1min / 5min 42s)[K[    [0;31m*[0;1;31m*[0m] A start job is running for Raise ne... interfaces (1min 1s / 5min 42s)[K[     [0;31m*[0m] A start job is running for Raise ne... interfaces (1min 1s / 5min 42s)[K[    [0;31m*[0;1;31m*[0m] A start job is running for Raise ne... interfaces (1min 2s / 5min 42s)[K[   [0;31m*[0;1;31m*[0m[0;31m*[0m] A start job is running for Raise ne... interfaces (1min 2s / 5min 42s)[K[  [0;31m*[0;1;31m*[0m[0;31m* [0m] A start job is running for Raise ne... interfaces (1min 3s / 5min 42s)[K[ [0;31m*[0;1;31m*[0m[0;31m*  [0m] A start job is running for Raise ne... interfaces (1min 3s / 5min 42s)[K[[0;31m*[0;1;31m*[0m[0;31m*   [0m] A start job is running for Raise ne... interfaces (1min 4s / 5min 42s)[K[[0;1;31m*[0m[0;31m*    [0m] A start job is running for Raise ne... interfaces (1min 4s / 5min 42s)[K[[0m[0;31m*     [0m] A start job is running for Raise ne... interfaces (1min 5s / 5min 42s)[K[[0;1;31m*[0m[0;31m*    [0m] A start job is running for Raise ne... interfaces (1min 5s / 5min 42s)[K[[0;31m*[0;1;31m*[0m[0;31m*   [0m] A start job is running for Raise ne... interfaces (1min 6s / 5min 42s)[K[ [0;31m*[0;1;31m*[0m[0;31m*  [0m] A start job is running for Raise ne... interfaces (1min 6s / 5min 42s)[K[  [0;31m*[0;1;31m*[0m[0;31m* [0m] A start job is running for Raise ne... interfaces (1min 7s / 5min 42s)[K[   [0;31m*[0;1;31m*[0m[0;31m*[0m] A start job is running for Raise ne... interfaces (1min 7s / 5min 42s)[K[    [0;31m*[0;1;31m*[0m] A start job is running for Raise ne...k interfaces (1min 7s / 6min 7s)[K[     [0;31m*[0m] A start job is running for Raise ne...k interfaces (1min 8s / 6min 7s)[K[    [0;31m*[0;1;31m*[0m] A start job is running for Raise ne...k interfaces (1min 8s / 6min 7s)[K[   [0;31m*[0;1;31m*[0m[0;31m*[0m] A start job is running for Raise ne...k interfaces (1min 9s / 6min 7s)[K[  [0;31m*[0;1;31m*[0m[0;31m* [0m] A start job is running for Raise ne...k interfaces (1min 9s / 6min 7s)[K[ [0;31m*[0;1;31m*[0m[0;31m*  [0m] A start job is running for Raise ne... interfaces (1min 10s / 6min 7s)[K[[0;31m*[0;1;31m*[0m[0;31m*   [0m] A start job is running for Raise ne... interfaces (1min 10s / 6min 7s)[K[[0;32m  OK  [0m] Started Raise network interfaces.
         Starting Initial cloud-init job (metadata service crawler)...
[[0;32m  OK  [0m] Reached target Network.
[   96.526941] cloud-init[966]: Cloud-init v. 0.7.9 running 'init' at Sun, 07 May 2017 17:38:39 +0000. Up 90.80 seconds.
[   96.613896] cloud-init[966]: ci-info: +++++++++++++++++++++++++++++++++++++Net device info++++++++++++++++++++++++++++++++++++++
[   96.627367] cloud-init[966]: ci-info: +--------+------+----------------------------+---------------+-------+-------------------+
[   96.643334] cloud-init[966]: ci-info: | Device |  Up  |          Address           |      Mask     | Scope |     Hw-Address    |
[   96.822688] cloud-init[966]: ci-info: +--------+------+----------------------------+---------------+-------+-------------------+
[   96.854894] cloud-init[966]: ci-info: |   lo   | True |         127.0.0.1          |   255.0.0.0   |   .   |         .         |
[   96.907674] cloud-init[966]: ci-info: |   lo   | True |          ::1/128           |       .       |  host |         .         |
[   96.980823] [cloud-init[0;32m  OK  [0m[966]: ] ci-info: | enp0s3 | True |         10.0.2.15          | 255.255.255.0 |   .   | 02:b4:50:8c:bb:de |Started Initial cloud-init job (metadata service crawler).

[   97.075139] [[0;32m  OK  [0m] Reached target Network is Online.
cloud-init[966]: ci-info: | enp0s3 | True | fe80::b4:50ff:fe8c:bbde/64 |       .       |  link | 02:b4:50:8c:bb:de |
[   97.147798]          cloud-initStarting iSCSI initiator daemon (iscsid)...[966]: 
ci-info: +--------+------+----------------------------+---------------+-------+-------------------+
[   97.315241] [cloud-init[0;32m  OK  [0m[966]: ] ci-info: +++++++++++++++++++++++++++Route IPv4 info++++++++++++++++++++++++++++Reached target Cloud-config availability.

[[0;32m  OK  [0m] Reached target System Initialization.
[   97.317040] cloud-init[966]: ci-info: +-------+-------------+----------+---------------+-----------+-------+
[   97.370298] [[0;32m  OK  [0m] Listening on D-Bus System Message Bus Socket.
cloud-init[966]: ci-info: | Route | Destination | Gateway  |    Genmask    | Interface | Flags |
[   97.412704] cloud-init[966]: ci-info: +-------+-------------+----------+---------------+-----------+-------+
[   97.451763] cloud-init[966]: ci-info: |   0   |   0.0.0.0   | 10.0.2.2 |    0.0.0.0    |   enp0s3  |   UG  |
[   97.451913] cloud-init[966]: ci-info: |   1   |   10.0.2.0  | 0.0.0.0  | 255.255.255.0 |   enp0s3  |   U   |
[   97.452046] cloud-init[966]: ci-info: +-------+-------------+----------+---------------+-----------+-------+
[[0;32m  OK  [0m] Started Timer to automatically refresh installed snaps.
         Starting Socket activation for snappy daemon.
         Starting LXD - unix socket.
[[0;32m  OK  [0m] Started ACPI Events Check.
[[0;32m  OK  [0m] Listening on ACPID Listen Socket.
[[0;32m  OK  [0m] Started Daily apt activities.
[[0;32m  OK  [0m] Started Trigger resolvconf update for networkd DNS.
[[0;32m  OK  [0m] Reached target Paths.
[[0;32m  OK  [0m] Started Daily Cleanup of Temporary Directories.
[[0;32m  OK  [0m] Reached target Timers.
[[0;32m  OK  [0m] Listening on UUID daemon activation socket.
[[0;32m  OK  [0m] Listening on Socket activation for snappy daemon.
[[0;32m  OK  [0m] Listening on LXD - unix socket.
[[0;32m  OK  [0m] Started iSCSI initiator daemon (iscsid).
         Starting Login to default iSCSI targets...
[[0;32m  OK  [0m] Reached target Sockets.
[[0;32m  OK  [0m] Reached target Basic System.
[[0;32m  OK  [0m] Started Snappy daemon.
         Starting LSB: MD monitoring daemon...
         Starting Daily apt activities...
         Starting Apply the settings specified in cloud-config...
         Starting Login Service...
[[0;32m  OK  [0m] Started Regular background program processing daemon.
         Starting System Logging Service...
[[0;32m  OK  [0m] Started FUSE filesystem for LXC.
         Starting OpenBSD Secure Shell server...
[[0;32m  OK  [0m] Started D-Bus System Message Bus.
         Starting Auto import assertions from block devices...
[[0;32m  OK  [0m] Started ACPI event daemon.
         Starting LXD - container startup/shutdown...
         Starting /etc/rc.local Compatibility...
         Starting PostgreSQL Cluster 9.5-main...
         Starting Accounts Service...
[[0;32m  OK  [0m] Started Deferred execution scheduler.
         Starting LSB: Record successful boot for GRUB...
[[0;32m  OK  [0m] Started System Logging Service.
[[0;32m  OK  [0m] Started OpenBSD Secure Shell server.
[[0;32m  OK  [0m] Started /etc/rc.local Compatibility.
[[0;32m  OK  [0m] Started Auto import assertions from block devices.
[[0;32m  OK  [0m] Started Login to default iSCSI targets.
[[0;32m  OK  [0m] Started Login Service.
[[0;32m  OK  [0m] Reached target Remote File Systems (Pre).
[[0;32m  OK  [0m] Reached target Remote File Systems.
         Starting Permit User Sessions...
         Starting LSB: automatic crash report generation...
         Starting LSB: VirtualBox Linux Additions...
         Starting LSB: Start/stop sysstat's sadc...
         Starting LSB: Set the CPU Frequency Scaling governor to "ondemand"...
         Starting LSB: daemon to balance interrupts for SMP systems...
[[0;32m  OK  [0m] Started LXD - container startup/shutdown.
[[0;32m  OK  [0m] Started Permit User Sessions.
         Starting Authenticate and Authorize Users to Run Privileged Tasks...
         Starting Terminate Plymouth Boot Screen...
         Starting Hold until boot process finishes up...
[[0;32m  OK  [0m] Started Terminate Plymouth Boot Screen.
[[0;32m  OK  [0m] Started Hold until boot process finishes up.
[[0;32m  OK  [0m] Started Getty on tty1.
[[0;32m  OK  [0m] Started Serial Getty on ttyS0.
[[0;32m  OK  [0m] Reached target Login Prompts.
         Starting Set console scheme...
[[0;32m  OK  [0m] Started LSB: MD monitoring daemon.
[[0;32m  OK  [0m] Started LSB: Start/stop sysstat's sadc.
[[0;32m  OK  [0m] Started Authenticate and Authorize Users to Run Privileged Tasks.
[[0;32m  OK  [0m] Started Accounts Service.
[[0;32m  OK  [0m] Started Set console scheme.
[[0;32m  OK  [0m] Started LSB: Record successful boot for GRUB.
[[0;32m  OK  [0m] Created slice User Slice of ubuntu.
         Starting User Manager for UID 1000...
[[0;32m  OK  [0m] Started LSB: Set the CPU Frequency Scaling governor to "ondemand".
[[0;32m  OK  [0m] Started Session 1 of user ubuntu.
[[0;32m  OK  [0m] Started LSB: automatic crash report generation.
[[0;32m  OK  [0m] Started User Manager for UID 1000.
[[0;32m  OK  [0m] Started LSB: daemon to balance interrupts for SMP systems.
[[0;32m  OK  [0m] Started LSB: VirtualBox Linux Additions.

Ubuntu 16.04.2 LTS ubuntu-xenial ttyS0

ubuntu-xenial login: [  119.424603] cloud-init[1039]: Cloud-init v. 0.7.9 running 'modules:config' at Sun, 07 May 2017 17:39:02 +0000. Up 114.08 seconds.
[  174.345764] cloud-init[1647]: Cloud-init v. 0.7.9 running 'modules:final' at Sun, 07 May 2017 17:40:00 +0000. Up 172.07 seconds.
[  174.346380] cloud-init[1647]: Cloud-init v. 0.7.9 finished at Sun, 07 May 2017 17:40:03 +0000. Datasource DataSourceNoCloud [seed=/dev/sdb][dsmode=net].  Up 174.28 seconds
[[0;32m  OK  [0m] Started ACPI event daemon.
[[0;32m  OK  [0m] Started Daily apt activities.
