[    0.000000] Initializing cgroup subsys cpuset
[    0.000000] Initializing cgroup subsys cpu
[    0.000000] Initializing cgroup subsys cpuacct
[    0.000000] Linux version 4.4.0-72-generic (buildd@lcy01-26) (gcc version 5.4.0 20160609 (Ubuntu 5.4.0-6ubuntu1~16.04.4) ) #93-Ubuntu SMP Fri Mar 31 14:07:23 UTC 2017 (Ubuntu 4.4.0-72.93-generic 4.4.49)
[    0.000000] KERNEL supported cpus:
[    0.000000]   Intel GenuineIntel
[    0.000000]   AMD AuthenticAMD
[    0.000000]   NSC Geode by NSC
[    0.000000]   Cyrix CyrixInstead
[    0.000000]   Centaur CentaurHauls
[    0.000000]   Transmeta GenuineTMx86
[    0.000000]   Transmeta TransmetaCPU
[    0.000000]   UMC UMC UMC UMC
[    0.000000] x86/fpu: Legacy x87 FPU detected.
[    0.000000] x86/fpu: Using 'lazy' FPU context switches.
[    0.000000] e820: BIOS-provided physical RAM map:
[    0.000000] BIOS-e820: [mem 0x0000000000000000-0x000000000009fbff] usable
[    0.000000] BIOS-e820: [mem 0x000000000009fc00-0x000000000009ffff] reserved
[    0.000000] BIOS-e820: [mem 0x00000000000f0000-0x00000000000fffff] reserved
[    0.000000] BIOS-e820: [mem 0x0000000000100000-0x000000003ffeffff] usable
[    0.000000] BIOS-e820: [mem 0x000000003fff0000-0x000000003fffffff] ACPI data
[    0.000000] BIOS-e820: [mem 0x00000000fec00000-0x00000000fec00fff] reserved
[    0.000000] BIOS-e820: [mem 0x00000000fee00000-0x00000000fee00fff] reserved
[    0.000000] BIOS-e820: [mem 0x00000000fffc0000-0x00000000ffffffff] reserved
[    0.000000] NX (Execute Disable) protection: active
[    0.000000] SMBIOS 2.5 present.
[    0.000000] Hypervisor detected: KVM
[    0.000000] e820: last_pfn = 0x3fff0 max_arch_pfn = 0x1000000
[    0.000000] MTRR: Disabled
[    0.000000] x86/PAT: MTRRs disabled, skipping PAT initialization too.
[    0.000000] x86/PAT: Configuration [0-7]: WB  WT  UC- UC  WB  WT  UC- UC  
[    0.000000] CPU MTRRs all blank - virtualized system.
[    0.000000] found SMP MP-table at [mem 0x0009fff0-0x0009ffff] mapped at [c009fff0]
[    0.000000] Scanning 1 areas for low memory corruption
[    0.000000] RAMDISK: [mem 0x36ae4000-0x37569fff]
[    0.000000] ACPI: Early table checksum verification disabled
[    0.000000] ACPI: RSDP 0x00000000000E0000 000024 (v02 VBOX  )
[    0.000000] ACPI: XSDT 0x000000003FFF0030 00003C (v01 VBOX   VBOXXSDT 00000001 ASL  00000061)
[    0.000000] ACPI: FACP 0x000000003FFF00F0 0000F4 (v04 VBOX   VBOXFACP 00000001 ASL  00000061)
[    0.000000] ACPI: DSDT 0x000000003FFF0470 00210F (v01 VBOX   VBOXBIOS 00000002 INTL 20100528)
[    0.000000] ACPI: FACS 0x000000003FFF0200 000040
[    0.000000] ACPI: FACS 0x000000003FFF0200 000040
[    0.000000] ACPI: APIC 0x000000003FFF0240 00005C (v02 VBOX   VBOXAPIC 00000001 ASL  00000061)
[    0.000000] ACPI: SSDT 0x000000003FFF02A0 0001CC (v01 VBOX   VBOXCPUT 00000002 INTL 20100528)
[    0.000000] 131MB HIGHMEM available.
[    0.000000] 891MB LOWMEM available.
[    0.000000]   mapped low ram: 0 - 37bfe000
[    0.000000]   low ram: 0 - 37bfe000
[    0.000000] kvm-clock: Using msrs 4b564d01 and 4b564d00
[    0.000000] kvm-clock: cpu 0, msr 0:37bfd001, primary cpu clock
[    0.000000] kvm-clock: using sched offset of 7996181673 cycles
[    0.000000] clocksource: kvm-clock: mask: 0xffffffffffffffff max_cycles: 0x1cd42e4dffb, max_idle_ns: 881590591483 ns
[    0.000000] Zone ranges:
[    0.000000]   DMA      [mem 0x0000000000001000-0x0000000000ffffff]
[    0.000000]   Normal   [mem 0x0000000001000000-0x0000000037bfdfff]
[    0.000000]   HighMem  [mem 0x0000000037bfe000-0x000000003ffeffff]
[    0.000000] Movable zone start for each node
[    0.000000] Early memory node ranges
[    0.000000]   node   0: [mem 0x0000000000001000-0x000000000009efff]
[    0.000000]   node   0: [mem 0x0000000000100000-0x000000003ffeffff]
[    0.000000] Initmem setup node 0 [mem 0x0000000000001000-0x000000003ffeffff]
[    0.000000] Using APIC driver default
[    0.000000] ACPI: PM-Timer IO Port: 0x4008
[    0.000000] IOAPIC[0]: apic_id 2, version 32, address 0xfec00000, GSI 0-23
[    0.000000] ACPI: INT_SRC_OVR (bus 0 bus_irq 0 global_irq 2 dfl dfl)
[    0.000000] ACPI: INT_SRC_OVR (bus 0 bus_irq 9 global_irq 9 high level)
[    0.000000] Using ACPI (MADT) for SMP configuration information
[    0.000000] smpboot: Allowing 2 CPUs, 0 hotplug CPUs
[    0.000000] PM: Registered nosave memory: [mem 0x00000000-0x00000fff]
[    0.000000] PM: Registered nosave memory: [mem 0x0009f000-0x0009ffff]
[    0.000000] PM: Registered nosave memory: [mem 0x000a0000-0x000effff]
[    0.000000] PM: Registered nosave memory: [mem 0x000f0000-0x000fffff]
[    0.000000] e820: [mem 0x40000000-0xfebfffff] available for PCI devices
[    0.000000] Booting paravirtualized kernel on KVM
[    0.000000] clocksource: refined-jiffies: mask: 0xffffffff max_cycles: 0xffffffff, max_idle_ns: 7645519600211568 ns
[    0.000000] setup_percpu: NR_CPUS:8 nr_cpumask_bits:8 nr_cpu_ids:2 nr_node_ids:1
[    0.000000] PERCPU: Embedded 19 pages/cpu @f76b0000 s47436 r0 d30388 u77824
[    0.000000] PV qspinlock hash table entries: 512 (order: 0, 4096 bytes)
[    0.000000] Built 1 zonelists in Zone order, mobility grouping on.  Total pages: 259800
[    0.000000] Kernel command line: BOOT_IMAGE=/boot/vmlinuz-4.4.0-72-generic root=LABEL=cloudimg-rootfs ro console=tty1 console=ttyS0
[    0.000000] PID hash table entries: 4096 (order: 2, 16384 bytes)
[    0.000000] Dentry cache hash table entries: 131072 (order: 7, 524288 bytes)
[    0.000000] Inode-cache hash table entries: 65536 (order: 6, 262144 bytes)
[    0.000000] Initializing CPU#0
[    0.000000] Initializing HighMem for node 0 (00037bfe:0003fff0)
[    0.000000] Initializing Movable for node 0 (00000000:00000000)
[    0.000000] Memory: 1012192K/1048120K available (7930K kernel code, 770K rwdata, 3160K rodata, 940K init, 800K bss, 35928K reserved, 0K cma-reserved, 135112K highmem)
[    0.000000] virtual kernel memory layout:
[    0.000000]     fixmap  : 0xfff15000 - 0xfffff000   ( 936 kB)
[    0.000000]     pkmap   : 0xffc00000 - 0xffe00000   (2048 kB)
[    0.000000]     vmalloc : 0xf83fe000 - 0xffbfe000   ( 120 MB)
[    0.000000]     lowmem  : 0xc0000000 - 0xf7bfe000   ( 891 MB)
[    0.000000]       .init : 0xc1b99000 - 0xc1c84000   ( 940 kB)
[    0.000000]       .data : 0xc17bed0b - 0xc1b97a00   (3939 kB)
[    0.000000]       .text : 0xc1000000 - 0xc17bed0b   (7931 kB)
[    0.000000] Checking if this processor honours the WP bit even in supervisor mode...Ok.
[    0.000000] SLUB: HWalign=64, Order=0-3, MinObjects=0, CPUs=2, Nodes=1
[    0.000000] Hierarchical RCU implementation.
[    0.000000] 	Build-time adjustment of leaf fanout to 32.
[    0.000000] 	RCU restricting CPUs from NR_CPUS=8 to nr_cpu_ids=2.
[    0.000000] RCU: Adjusting geometry for rcu_fanout_leaf=32, nr_cpu_ids=2
[    0.000000] NR_IRQS:2304 nr_irqs:440 16
[    0.000000] Console: colour VGA+ 80x25
[    0.000000] console [tty1] enabled
[    0.000000] console [ttyS0] enabled
[    0.000000] allocated 1048576 bytes of page_ext
[    0.000000] tsc: Detected 1990.002 MHz processor
[    0.584461] Calibrating delay loop (skipped) preset value.. 3980.00 BogoMIPS (lpj=7960008)
[    0.589626] pid_max: default: 32768 minimum: 301
[    0.592368] ACPI: Core revision 20150930
[    0.597180] ACPI: 2 ACPI AML tables successfully acquired and loaded
[    0.601090] Security Framework initialized
[    0.603682] Yama: becoming mindful.
[    0.606027] AppArmor: AppArmor initialized
[    0.609088] Mount-cache hash table entries: 2048 (order: 1, 8192 bytes)
[    0.612610] Mountpoint-cache hash table entries: 2048 (order: 1, 8192 bytes)
[    0.616940] Initializing cgroup subsys io
[    0.619414] Initializing cgroup subsys memory
[    0.622064] Initializing cgroup subsys devices
[    0.624753] Initializing cgroup subsys freezer
[    0.627487] Initializing cgroup subsys net_cls
[    0.630202] Initializing cgroup subsys perf_event
[    0.632961] Initializing cgroup subsys net_prio
[    0.635589] Initializing cgroup subsys hugetlb
[    0.638341] Initializing cgroup subsys pids
[    0.641119] CPU: Physical Processor ID: 0
[    0.643632] CPU: Processor Core ID: 0
[    0.649929] mce: CPU supports 0 MCE banks
[    0.652513] Last level iTLB entries: 4KB 128, 2MB 4, 4MB 4
[    0.655576] Last level dTLB entries: 4KB 256, 2MB 0, 4MB 32, 1GB 0
[    0.667228] Freeing SMP alternatives memory: 28K (c1c84000 - c1c8b000)
[    0.690183] ftrace: allocating 31396 entries in 62 pages
[    0.793167] smpboot: APIC(0) Converting physical 0 to logical package 0
[    0.798759] smpboot: Max logical packages: 1
[    0.801366] Enabling APIC mode:  Flat.  Using 1 I/O APICs
[    0.808131] ..TIMER: vector=0x30 apic1=0 pin1=2 apic2=-1 pin2=-1
[    0.915736] smpboot: CPU0: Intel(R) Core(TM)2 Duo CPU     P7350  @ 2.00GHz (family: 0x6, model: 0x17, stepping: 0x6)
[    0.923813] Performance Events: unsupported p6 CPU model 23 no PMU driver, software events only.
[    0.929766] KVM setup paravirtual spinlock
[    0.934537] x86: Booting SMP configuration:
[    0.937120] .... node  #0, CPUs:      #1
[1266874881.713369] Initializing CPU#1
[    0.941154] kvm-clock: cpu 1, msr 0:37bfd041, secondary cpu clock
[    0.943511] mce: CPU supports 0 MCE banks
[    0.946940] x86: Booted up 1 node, 2 CPUs
[    0.950113] smpboot: Total of 2 processors activated (7960.00 BogoMIPS)
[    0.954589] devtmpfs: initialized
[    0.957252] evm: security.selinux
[    0.959425] evm: security.SMACK64
[    0.961599] evm: security.SMACK64EXEC
[    0.963906] evm: security.SMACK64TRANSMUTE
[    0.966352] evm: security.SMACK64MMAP
[    0.968921] evm: security.ima
[    0.970919] evm: security.capability
[    0.973650] clocksource: jiffies: mask: 0xffffffff max_cycles: 0xffffffff, max_idle_ns: 7645041785100000 ns
[    0.979700] pinctrl core: initialized pinctrl subsystem
[    0.982866] RTC time:  2:52:20, date: 04/23/17
[    0.985901] NET: Registered protocol family 16
[    0.995623] EISA bus registered
[    1.019468] cpuidle: using governor ladder
[    1.123493] cpuidle: using governor menu
[    1.125895] PCCT header not found.
[    1.144321] ACPI: bus type PCI registered
[    1.269670] acpiphp: ACPI Hot Plug PCI Controller Driver version: 0.5
[    1.277056] PCI : PCI BIOS area is rw and x. Use pci=nobios if you want it NX.
[    1.285526] PCI: PCI BIOS revision 2.10 entry at 0xfda26, last bus=0
[    1.290134] PCI: Using configuration type 1 for base access
[    1.309270] ACPI: Added _OSI(Module Device)
[    1.312978] ACPI: Added _OSI(Processor Device)
[    1.316968] ACPI: Added _OSI(3.0 _SCP Extensions)
[    1.320793] ACPI: Added _OSI(Processor Aggregator Device)
[    1.325644] ACPI: Executed 1 blocks of module-level executable AML code
[    1.335543] ACPI: Interpreter enabled
[    1.339213] ACPI: (supports S0 S5)
[    1.342050] ACPI: Using IOAPIC for interrupt routing
[    1.345638] PCI: Using host bridge windows from ACPI; if necessary, use "pci=nocrs" and report a bug
[    1.361227] ACPI: PCI Root Bridge [PCI0] (domain 0000 [bus 00-ff])
[    1.369645] acpi PNP0A03:00: _OSC: OS supports [ASPM ClockPM Segments MSI]
[    1.373824] acpi PNP0A03:00: _OSC failed (AE_NOT_FOUND); disabling ASPM
[    1.506026] acpi PNP0A03:00: fail to add MMCONFIG information, can't access extended PCI configuration space under this bridge.
[    1.563546] PCI host bridge to bus 0000:00
[    1.582433] pci_bus 0000:00: root bus resource [io  0x0000-0x0cf7 window]
[    1.627955] pci_bus 0000:00: root bus resource [io  0x0d00-0xffff window]
[    1.631667] pci_bus 0000:00: root bus resource [mem 0x000a0000-0x000bffff window]
[    1.667578] pci_bus 0000:00: root bus resource [mem 0x40000000-0xffdfffff window]
[    1.672199] pci_bus 0000:00: root bus resource [bus 00-ff]
[    1.679800] pci 0000:00:01.1: legacy IDE quirk: reg 0x10: [io  0x01f0-0x01f7]
[    1.683558] pci 0000:00:01.1: legacy IDE quirk: reg 0x14: [io  0x03f6]
[    1.687058] pci 0000:00:01.1: legacy IDE quirk: reg 0x18: [io  0x0170-0x0177]
[    1.691103] pci 0000:00:01.1: legacy IDE quirk: reg 0x1c: [io  0x0376]
[    1.765567] pci 0000:00:07.0: quirk: [io  0x4000-0x403f] claimed by PIIX4 ACPI
[    1.772194] pci 0000:00:07.0: quirk: [io  0x4100-0x410f] claimed by PIIX4 SMB
[    1.806783] ACPI: PCI Interrupt Link [LNKA] (IRQs 5 9 10 *11)
[    1.813854] ACPI: PCI Interrupt Link [LNKB] (IRQs 5 9 10 *11)
[    1.818358] ACPI: PCI Interrupt Link [LNKC] (IRQs 5 9 *10 11)
[    1.822883] ACPI: PCI Interrupt Link [LNKD] (IRQs 5 *9 10 11)
[    1.827458] ACPI: Enabled 2 GPEs in block 00 to 07
[    1.832088] vgaarb: setting as boot device: PCI:0000:00:02.0
[    1.835219] vgaarb: device added: PCI:0000:00:02.0,decodes=io+mem,owns=io+mem,locks=none
[    1.840152] vgaarb: loaded
[    1.842035] vgaarb: bridge control possible 0000:00:02.0
[    1.846162] SCSI subsystem initialized
[    1.849332] ACPI: bus type USB registered
[    1.851919] usbcore: registered new interface driver usbfs
[    1.855103] usbcore: registered new interface driver hub
[    1.858225] usbcore: registered new device driver usb
[    1.862224] PCI: Using ACPI for IRQ routing
[    1.865961] NetLabel: Initializing
[    1.869551] NetLabel:  domain hash size = 128
[    1.872258] NetLabel:  protocols = UNLABELED CIPSOv4
[    1.875115] NetLabel:  unlabeled traffic allowed by default
[    1.880113] amd_nb: Cannot enumerate AMD northbridges
[    1.883097] clocksource: Switched to clocksource kvm-clock
[    1.909925] AppArmor: AppArmor Filesystem Enabled
[    1.914663] pnp: PnP ACPI init
[    1.919664] pnp: PnP ACPI: found 3 devices
[    1.923417] PnPBIOS: Disabled by ACPI PNP
[    1.978704] clocksource: acpi_pm: mask: 0xffffff max_cycles: 0xffffff, max_idle_ns: 2085701024 ns
[    1.984031] NET: Registered protocol family 2
[    1.987980] TCP established hash table entries: 8192 (order: 3, 32768 bytes)
[    1.991757] TCP bind hash table entries: 8192 (order: 4, 65536 bytes)
[    1.995484] TCP: Hash tables configured (established 8192 bind 8192)
[    1.999135] UDP hash table entries: 512 (order: 2, 16384 bytes)
[    2.002333] UDP-Lite hash table entries: 512 (order: 2, 16384 bytes)
[    2.005926] NET: Registered protocol family 1
[    2.008833] pci 0000:00:00.0: Limiting direct PCI/PCI transfers
[    2.012121] pci 0000:00:01.0: Activating ISA DMA hang workarounds
[    2.016011] Unpacking initramfs...
[    5.226500] Freeing initrd memory: 10776K (f6ae4000 - f756a000)
[    5.235790] platform rtc_cmos: registered platform RTC device (no PNP device found)
[    5.240579] Scanning for low memory corruption every 60 seconds
[    5.244547] futex hash table entries: 512 (order: 3, 32768 bytes)
[    5.248030] audit: initializing netlink subsys (disabled)
[    5.251058] audit: type=2000 audit(1492915953.346:1): initialized
[    5.254822] Initialise system trusted keyring
[    5.257964] HugeTLB registered 2 MB page size, pre-allocated 0 pages
[    5.264457] zbud: loaded
[    5.266680] VFS: Disk quotas dquot_6.6.0
[    5.274732] VFS: Dquot-cache hash table entries: 1024 (order 0, 4096 bytes)
[    5.278904] squashfs: version 4.0 (2009/01/31) Phillip Lougher
[    5.282821] fuse init (API version 7.23)
[    5.285679] Key type big_key registered
[    5.288155] Allocating IMA MOK and blacklist keyrings.
[    5.295992] Key type asymmetric registered
[    5.302073] Asymmetric key parser 'x509' registered
[    5.306795] bounce: pool size: 64 pages
[    5.322594] Block layer SCSI generic (bsg) driver version 0.4 loaded (major 249)
[    5.331289] io scheduler noop registered
[    5.333659] io scheduler deadline registered (default)
[    5.342219] io scheduler cfq registered
[    5.344811] pci_hotplug: PCI Hot Plug PCI Core version: 0.5
[    5.472943] pciehp: PCI Express Hot Plug Controller Driver version: 0.4
[    5.482195] ACPI: AC Adapter [AC] (on-line)
[    5.485493] input: Power Button as /devices/LNXSYSTM:00/LNXPWRBN:00/input/input0
[    5.490424] ACPI: Power Button [PWRF]
[    5.494103] input: Sleep Button as /devices/LNXSYSTM:00/LNXSLPBN:00/input/input1
[    5.502025] ACPI: Sleep Button [SLPF]
[    5.507158] ACPI: Battery Slot [BAT0] (battery present)
[    5.512441] GHES: HEST is not enabled!
[    5.516578] isapnp: Scanning for PnP cards...
[    5.535217] Serial: 8250/16550 driver, 32 ports, IRQ sharing enabled
[    5.575796] 00:02: ttyS0 at I/O 0x3f8 (irq = 4, base_baud = 115200) is a 16550A
[    5.779898] Linux agpgart interface v0.103
[    5.904148] loop: module loaded
[    5.956709] scsi host0: ata_piix
[    5.960077] scsi host1: ata_piix
[    5.964003] ata1: PATA max UDMA/33 cmd 0x1f0 ctl 0x3f6 bmdma 0xd000 irq 14
[    5.969991] ata2: PATA max UDMA/33 cmd 0x170 ctl 0x376 bmdma 0xd008 irq 15
[    5.976649] libphy: Fixed MDIO Bus: probed
[    5.980426] tun: Universal TUN/TAP device driver, 1.6
[    5.985508] tun: (C) 1999-2004 Max Krasnyansky <maxk@qualcomm.com>
[    5.991408] PPP generic driver version 2.4.2
[    5.996030] ehci_hcd: USB 2.0 'Enhanced' Host Controller (EHCI) Driver
[    5.999741] ehci-pci: EHCI PCI platform driver
[    6.002381] ehci-platform: EHCI generic platform driver
[    6.006628] ohci_hcd: USB 1.1 'Open' Host Controller (OHCI) Driver
[    6.010150] ohci-pci: OHCI PCI platform driver
[    6.014636] ohci-platform: OHCI generic platform driver
[    6.020069] uhci_hcd: USB Universal Host Controller Interface driver
[    6.023716] i8042: PNP: PS/2 Controller [PNP0303:PS2K,PNP0f03:PS2M] at 0x60,0x64 irq 1,12
[    6.026845] isapnp: No Plug & Play device found
[    6.045414] serio: i8042 KBD port at 0x60,0x64 irq 1
[    6.058440] serio: i8042 AUX port at 0x60,0x64 irq 12
[    6.063358] mousedev: PS/2 mouse device common for all mice
[    6.070596] input: AT Translated Set 2 keyboard as /devices/platform/i8042/serio0/input/input2
[    6.079298] rtc_cmos rtc_cmos: rtc core: registered rtc_cmos as rtc0
[    6.182885] rtc_cmos rtc_cmos: alarms up to one day, 114 bytes nvram
[    6.227937] i2c /dev entries driver
[    6.230343] device-mapper: uevent: version 1.0.3
[    6.329062] tsc: Refined TSC clocksource calibration: 1989.664 MHz
[    6.336826] clocksource: tsc: mask: 0xffffffffffffffff max_cycles: 0x395c1427a06, max_idle_ns: 881590501617 ns
[    6.340324] device-mapper: ioctl: 4.34.0-ioctl (2015-10-28) initialised: dm-devel@redhat.com
[    6.340385] platform eisa.0: Probing EISA bus 0
[    6.340388] platform eisa.0: EISA: Cannot allocate resource for mainboard
[    6.340390] platform eisa.0: Cannot allocate resource for EISA slot 1
[    6.340391] platform eisa.0: Cannot allocate resource for EISA slot 2
[    6.340393] platform eisa.0: Cannot allocate resource for EISA slot 3
[    6.340395] platform eisa.0: Cannot allocate resource for EISA slot 4
[    6.340397] platform eisa.0: Cannot allocate resource for EISA slot 5
[    6.340398] platform eisa.0: Cannot allocate resource for EISA slot 6
[    6.340400] platform eisa.0: Cannot allocate resource for EISA slot 7
[    6.340402] platform eisa.0: Cannot allocate resource for EISA slot 8
[    6.340404] platform eisa.0: EISA: Detected 0 cards
[    6.340445] cpufreq-nforce2: No nForce2 chipset.
[    6.340465] ledtrig-cpu: registered to indicate activity on CPUs
[    6.340984] NET: Registered protocol family 10
[    6.341527] NET: Registered protocol family 17
[    6.341560] Key type dns_resolver registered
[    6.342431] microcode: CPU0 sig=0x10676, pf=0x40, revision=0x60b
[    6.342446] microcode: CPU1 sig=0x10676, pf=0x40, revision=0x60b
[    6.342500] microcode: Microcode Update Driver: v2.01 <tigran@aivazian.fsnet.co.uk>, Peter Oruba
[    6.342617] Using IPI No-Shortcut mode
[    6.342859] registered taskstats version 1
[    6.342892] Loading compiled-in X.509 certificates
[    6.348658] Loaded X.509 cert 'Build time autogenerated kernel key: 3cb92b22054f9a517a2a4c6457de97d88531dff7'
[    6.348701] zswap: loaded using pool lzo/zbud
[    6.371440] Key type trusted registered
[    6.423577] Key type encrypted registered
[    6.423587] AppArmor: AppArmor sha1 policy hashing enabled
[    6.423611] ima: No TPM chip found, activating TPM-bypass!
[    6.423669] evm: HMAC attrs: 0x1
[    6.424282]   Magic number: 13:264:865
[    6.440045] rtc_cmos rtc_cmos: setting system clock to 2017-04-23 02:52:26 UTC (1492915946)
[    6.441898] BIOS EDD facility v0.16 2004-Jun-25, 0 devices found
[    6.441899] EDD information not available.
[    6.517228] Freeing unused kernel memory: 940K (c1b99000 - c1c84000)
[    6.530098] Write protecting the kernel text: 7932k
[    6.536536] Write protecting the kernel read-only data: 3168k
[    6.556109] NX-protecting the kernel data: 6404k
Loading, please wait...
starting version 229
[    6.773728] random: systemd-udevd: uninitialized urandom read (16 bytes read, 0 bits of entropy available)
[    6.787636] random: systemd-udevd: uninitialized urandom read (16 bytes read, 0 bits of entropy available)
[    6.795690] random: systemd-udevd: uninitialized urandom read (16 bytes read, 0 bits of entropy available)
[    6.800153] random: udevadm: uninitialized urandom read (16 bytes read, 0 bits of entropy available)
[    6.800507] random: udevadm: uninitialized urandom read (16 bytes read, 0 bits of entropy available)
[    6.801371] random: udevadm: uninitialized urandom read (16 bytes read, 0 bits of entropy available)
[    6.801758] random: udevadm: uninitialized urandom read (16 bytes read, 0 bits of entropy available)
[    6.802192] random: udevadm: uninitialized urandom read (16 bytes read, 0 bits of entropy available)
[    6.802600] random: udevadm: uninitialized urandom read (16 bytes read, 0 bits of entropy available)
[    6.803003] random: udevadm: uninitialized urandom read (16 bytes read, 0 bits of entropy available)
[    7.261509] e1000: Intel(R) PRO/1000 Network Driver - version 7.3.21-k8-NAPI
[    7.267613] e1000: Copyright (c) 1999-2006 Intel Corporation.
[    7.313068] Fusion MPT base driver 3.04.20
[    7.317224] Copyright (c) 1999-2008 LSI Corporation
[    7.510345] Fusion MPT SPI Host driver 3.04.20
[    7.565714] input: ImExPS/2 Generic Explorer Mouse as /devices/platform/i8042/serio1/input/input4
[    8.091462] e1000 0000:00:03.0 eth0: (PCI:33MHz:32-bit) 02:b4:50:8c:bb:de
[    8.095248] e1000 0000:00:03.0 eth0: Intel(R) PRO/1000 Network Connection
[    8.103899] e1000 0000:00:03.0 enp0s3: renamed from eth0
[    8.111505] mptbase: ioc0: Initiating bringup
[    8.183782] ioc0: LSI53C1030 A0: Capabilities={Initiator}
[    8.354948] scsi host2: ioc0: LSI53C1030 A0, FwRev=00000000h, Ports=1, MaxQ=256, IRQ=20
[    8.473360] scsi 2:0:0:0: Direct-Access     VBOX     HARDDISK         1.0  PQ: 0 ANSI: 5
[    8.481776] scsi target2:0:0: Beginning Domain Validation
[    8.486932] scsi target2:0:0: Domain Validation skipping write tests
[    8.490468] scsi target2:0:0: Ending Domain Validation
[    8.493925] scsi target2:0:0: asynchronous
[    8.497476] scsi 2:0:1:0: Direct-Access     VBOX     HARDDISK         1.0  PQ: 0 ANSI: 5
[    8.512569] scsi target2:0:1: Beginning Domain Validation
[    8.519919] scsi target2:0:1: Domain Validation skipping write tests
[    8.529921] scsi target2:0:1: Ending Domain Validation
[    8.534541] scsi target2:0:1: asynchronous
[    8.556389] sd 2:0:0:0: Attached scsi generic sg0 type 0
[    8.561133] sd 2:0:1:0: Attached scsi generic sg1 type 0
[    8.571719] sd 2:0:0:0: [sda] 20971520 512-byte logical blocks: (10.7 GB/10.0 GiB)
[    8.592430] sd 2:0:1:0: [sdb] 20480 512-byte logical blocks: (10.5 MB/10.0 MiB)
[    8.603241] sd 2:0:0:0: [sda] Write Protect is off
[    8.611981] sd 2:0:1:0: [sdb] Write Protect is off
[    8.615690] sd 2:0:1:0: [sdb] Incomplete mode parameter data
[    8.618780] sd 2:0:1:0: [sdb] Assuming drive cache: write through
[    8.622047] sd 2:0:0:0: [sda] Incomplete mode parameter data
[    8.634560] sd 2:0:0:0: [sda] Assuming drive cache: write through
[    8.640400] sd 2:0:1:0: [sdb] Attached SCSI disk
[    8.649207]  sda: sda1
[    8.654478] sd 2:0:0:0: [sda] Attached SCSI disk
[   10.451578] floppy0: no floppy controllers found
Begin: Loading essential drivers ... [   13.255585] md: linear personality registered for level -1
[   13.306239] md: multipath personality registered for level -4
[   13.354284] md: raid0 personality registered for level 0
[   13.406169] md: raid1 personality registered for level 1
[   13.559209] raid6: mmxx1    gen()  2213 MB/s
[   13.628405] raid6: mmxx2    gen()  2856 MB/s
[   13.715308] raid6: sse1x1   gen()  1786 MB/s
[   13.788410] raid6: sse1x2   gen()  2175 MB/s
[   13.860616] raid6: sse2x1   gen()  3075 MB/s
[   13.938317] raid6: sse2x1   xor()  3577 MB/s
[   14.011199] raid6: sse2x2   gen()  3696 MB/s
[   14.079262] raid6: sse2x2   xor()  3904 MB/s
[   14.091478] raid6: using algorithm sse2x2 gen() 3696 MB/s
[   14.096109] raid6: .... xor() 3904 MB/s, rmw enabled
[   14.101058] raid6: using ssse3x1 recovery algorithm
[   14.128610] xor: measuring software checksum speed
[   14.203793]    pIII_sse  : 13469.000 MB/sec
[   14.257338]    prefetch64-sse:  8313.000 MB/sec
[   14.262559] xor: using function: pIII_sse (13469.000 MB/sec)
[   14.309083] async_tx: api initialized (async)
[   14.494932] md: raid6 personality registered for level 6
[   14.501006] md: raid5 personality registered for level 5
[   14.508605] md: raid4 personality registered for level 4
[   14.689476] md: raid10 personality registered for level 10
done.
Begin: Running /scripts/init-premount ... done.
Begin: Mounting root file system ... Begin: Running /scripts/local-top ... done.
Begin: Running /scripts/local-premount ... [   15.010702] Btrfs loaded
Scanning for Btrfs filesystems
done.
Warning: fsck not present, so skipping root file system
[   15.495264] EXT4-fs (sda1): mounted filesystem with ordered data mode. Opts: (null)
done.
Begin: Running /scripts/local-bottom ... done.
Begin: Running /scripts/init-bottom ... done.
[   16.412990] systemd[1]: systemd 229 running in system mode. (+PAM +AUDIT +SELINUX +IMA +APPARMOR +SMACK +SYSVINIT +UTMP +LIBCRYPTSETUP +GCRYPT +GNUTLS +ACL +XZ -LZ4 +SECCOMP +BLKID +ELFUTILS +KMOD -IDN)
[   16.425269] systemd[1]: Detected virtualization oracle.
[   16.428178] systemd[1]: Detected architecture x86.

Welcome to [1mUbuntu 16.04.2 LTS[0m!

[   16.453556] systemd[1]: Set hostname to <ubuntu>.
[   16.463941] systemd[1]: Initializing machine ID from random generator.
[   16.471021] systemd[1]: Installed transient /etc/machine-id file.
[   16.611326] random: nonblocking pool is initialized
[   17.436668] systemd[1]: Listening on Journal Socket.
[[0;32m  OK  [0m] Listening on Journal Socket.
[   17.471720] systemd[1]: Listening on udev Kernel Socket.
[[0;32m  OK  [0m] Listening on udev Kernel Socket.
[   17.487924] systemd[1]: Listening on udev Control Socket.
[[0;32m  OK  [0m] Listening on udev Control Socket.
[   17.536094] systemd[1]: Listening on Syslog Socket.
[[0;32m  OK  [0m] Listening on Syslog Socket.
[   17.551402] systemd[1]: Created slice User and Session Slice.
[[0;32m  OK  [0m] Created slice User and Session Slice.
[   17.560983] systemd[1]: Listening on /dev/initctl Compatibility Named Pipe.
[[0;32m  OK  [0m] Listening on /dev/initctl Compatibility Named Pipe.
[   17.570479] systemd[1]: Listening on LVM2 poll daemon socket.
[[0;32m  OK  [0m] Listening on LVM2 poll daemon socket.
[   17.597967] systemd[1]: Reached target Swap.
[[0;32m  OK  [0m] Reached target Swap.
[   17.604177] systemd[1]: Listening on LVM2 metadata daemon socket.
[[0;32m  OK  [0m] Listening on LVM2 metadata daemon socket.
[   17.620204] systemd[1]: Listening on Journal Audit Socket.
[[0;32m  OK  [0m] Listening on Journal Audit Socket.
[   17.652027] systemd[1]: Reached target User and Group Name Lookups.
[[0;32m  OK  [0m] Reached target User and Group Name Lookups.
[   17.665682] systemd[1]: Listening on Journal Socket (/dev/log).
[[0;32m  OK  [0m] Listening on Journal Socket (/dev/log).
[   17.687031] systemd[1]: Reached target Encrypted Volumes.
[[0;32m  OK  [0m] Reached target Encrypted Volumes.
[   17.764624] systemd[1]: Set up automount Arbitrary Executable File Formats File System Automount Point.
[[0;32m  OK  [0m] Set up automount Arbitrary Executab...ats File System Automount Point.
[   17.800022] systemd[1]: Started Forward Password Requests to Wall Directory Watch.
[[0;32m  OK  [0m] Started Forward Password Requests to Wall Directory Watch.
[   17.830186] systemd[1]: Listening on Device-mapper event daemon FIFOs.
[[0;32m  OK  [0m] Listening on Device-mapper event daemon FIFOs.
[   17.876913] systemd[1]: Created slice System Slice.
[[0;32m  OK  [0m] Created slice System Slice.
[   17.929449] systemd[1]: Created slice system-serial\x2dgetty.slice.
[[0;32m  OK  [0m] Created slice system-serial\x2dgetty.slice.
[   18.003297] systemd[1]: Starting Monitoring of LVM2 mirrors, snapshots etc. using dmeventd or progress polling...
         Starting Monitoring of LVM2 mirrors... dmeventd or progress polling...
[   18.134566] systemd[1]: Mounting Debug File System...
         Mounting Debug File System...
[   18.162900] systemd[1]: Starting Uncomplicated firewall...
         Starting Uncomplicated firewall...
[   18.205586] systemd[1]: Starting Set console keymap...
         Starting Set console keymap...
[   18.228572] systemd[1]: Reached target Slices.
[[0;32m  OK  [0m] Reached target Slices.
[   18.302899] systemd[1]: Starting Load Kernel Modules...
         Starting Load Kernel Modules...
[   18.349774] systemd[1]: Starting Nameserver information manager...
         Starting Nameserver information manager...
[   18.434928] systemd[1]: Starting Remount Root and Kernel File Systems...
[   18.446468] Loading iSCSI transport class v2.0-870.
         Starting Remount Root and Kernel File Systems...
[   18.523293] EXT4-fs (sda1): re-mounted. Opts: (null)
[   18.617637] systemd[1]: Mounting POSIX Message Queue File System...
         Mounting POSIX Message Queue File System...
[   18.861277] systemd[1]: Mounting Huge Pages File System...
         Mounting Huge Pages File System...
[   18.934776] iscsi: registered transport (tcp)
[   18.953959] systemd[1]: Starting Journal Service...
         Starting Journal Service...
[   19.067984] systemd[1]: Starting Create list of required static device nodes for the current kernel...
         Starting Create list of required st... nodes for the current kernel...
[   19.141506] systemd[1]: Mounted Huge Pages File System.
[[0;32m  OK  [0m] Mounted Huge Pages File System.
[   19.154820] systemd[1]: Mounted Debug File System.
[[0;32m  OK  [0m] Mounted Debug File System.
[   19.166389] systemd[1]: Mounted POSIX Message Queue File System.
[[0;32m  OK  [0m] Mounted POSIX Message Queue File System.
[   19.198779] systemd[1]: Started Uncomplicated firewall.
[[0;32m  OK  [0m] Started Uncomplicated firewall.
[   19.232250] systemd[1]: Started Set console keymap.
[[0;32m  OK  [0m] Started Set console keymap.
[   19.282376] systemd[1]: Started Remount Root and Kernel File Systems.
[[0;32m  OK  [0m] Started Remount Root and Kernel File Systems.
[   19.316256] systemd[1]: Started Create list of required static device nodes for the current kernel.
[[0;32m  OK  [0m] Started Create list of required sta...ce nodes for the current kernel.
[   19.449579] systemd[1]: Started Nameserver information manager.
[[0;32m  OK  [0m] Started Nameserver information manager.
[   19.482794] systemd[1]: Started Journal Service.
[[0;32m  OK  [0m] Started Journal Service.
[   19.527502] iscsi: registered transport (iser)
[[0;32m  OK  [0m] Started Load Kernel Modules.
         Mounting FUSE Control File System...
         Starting Apply Kernel Variables...
[[0;32m  OK  [0m] Started LVM2 metadata daemon.
         Starting Create Static Device Nodes in /dev...
         Starting Load/Save Random Seed...
         Starting Flush Journal to Persistent Storage...
         Starting Initial cloud-init job (pre-networking)...
         Starting udev Coldplug all Devices...
[[0;32m  OK  [0m] Mounted FUSE Control File System.
[[0;32m  OK  [0m] Started Apply Kernel Variables.
[[0;32m  OK  [0m] Started Create Static Device Nodes in /dev.
[[0;32m  OK  [0m] Started Load/Save Random Seed.
[[0;32m  OK  [0m] Started Flush Journal to Persistent Storage.
         Starting udev Kernel Device Manager...
[[0;32m  OK  [0m] Started Monitoring of LVM2 mirrors,...ng dmeventd or progress polling.
[[0;32m  OK  [0m] Started udev Kernel Device Manager.
[[0;32m  OK  [0m] Reached target Local File Systems (Pre).
[[0;32m  OK  [0m] Reached target Local File Systems.
         Starting Set console font and keymap...
         Starting Create Volatile Files and Directories...
         Starting Tell Plymouth To Write Out Runtime Data...
         Starting Commit a transient machine-id on disk...
         Starting LSB: AppArmor initialization...
[[0;32m  OK  [0m] Started udev Coldplug all Devices.
[[0;32m  OK  [0m] Started Tell Plymouth To Write Out Runtime Data.
[[0;32m  OK  [0m] Started Create Volatile Files and Directories.
[[0;32m  OK  [0m] Started Commit a transient machine-id on disk.
         Starting Update UTMP about System Boot/Shutdown...
[[0;32m  OK  [0m] Reached target System Time Synchronized.
[[0;32m  OK  [0m] Started Dispatch Password Requests to Console Directory Watch.
[[0;32m  OK  [0m] Started Update UTMP about System Boot/Shutdown.
[[0;32m  OK  [0m] Found device /dev/ttyS0.
[[0;32m  OK  [0m] Started Set console font and keymap.
[[0;32m  OK  [0m] Created slice system-getty.slice.
[[0;32m  OK  [0m] Listening on Load/Save RF Kill Switch Status /dev/rfkill Watch.
[[0;32m  OK  [0m] Started LSB: AppArmor initialization.
[   54.798287] cloud-init[440]: Cloud-init v. 0.7.9 running 'init-local' at Sun, 23 Apr 2017 02:53:14 +0000. Up 53.49 seconds.
[[0;32m  OK  [0m] Started Initial cloud-init job (pre-networking).
[[0;32m  OK  [0m] Reached target Network (Pre).
         Starting Raise network interfaces...
[[0;32m  OK  [0m] Started Raise network interfaces.
         Starting Initial cloud-init job (metadata service crawler)...
[[0;32m  OK  [0m] Reached target Network.
[   64.217473] cloud-init[926]: Cloud-init v. 0.7.9 running 'init' at Sun, 23 Apr 2017 02:53:21 +0000. Up 59.71 seconds.
[   64.254938] cloud-init[926]: ci-info: +++++++++++++++++++++++++++++++++++++Net device info++++++++++++++++++++++++++++++++++++++
[   64.336234] cloud-init[926]: ci-info: +--------+------+----------------------------+---------------+-------+-------------------+
[   64.351676] cloud-init[926]: ci-info: | Device |  Up  |          Address           |      Mask     | Scope |     Hw-Address    |
[   64.366901] cloud-init[926]: ci-info: +--------+------+----------------------------+---------------+-------+-------------------+
[   64.381695] cloud-init[926]: ci-info: |   lo   | True |         127.0.0.1          |   255.0.0.0   |   .   |         .         |
[   64.399824] cloud-init[926]: ci-info: |   lo   | True |          ::1/128           |       .       |  host |         .         |
[   64.420976] cloud-init[926]: ci-info: | enp0s3 | True |         10.0.2.15          | 255.255.255.0 |   .   | 02:b4:50:8c:bb:de |
[   64.430848] cloud-init[926]: ci-info: | enp0s3 | True | fe80::b4:50ff:fe8c:bbde/64 |       .       |  link | 02:b4:50:8c:bb:de |
[   64.444694] cloud-init[926]: ci-info: +--------+------+----------------------------+---------------+-------+-------------------+
[   64.461903] cloud-init[926]: ci-info: +++++++++++++++++++++++++++Route IPv4 info++++++++++++++++++++++++++++
[   64.712917] cloud-init[926]: ci-info: +-------+-------------+----------+---------------+-----------+-------+
[   64.901260] cloud-init[926]: ci-info: | Route | Destination | Gateway  |    Genmask    | Interface | Flags |
[   64.981913] cloud-init[926]: ci-info: +-------+-------------+----------+---------------+-----------+-------+
[   64.982298] cloud-init[926]: ci-info: |   0   |   0.0.0.0   | 10.0.2.2 |    0.0.0.0    |   enp0s3  |   UG  |
[   64.982571] cloud-init[926]: ci-info: |   1   |   10.0.2.0  | 0.0.0.0  | 255.255.255.0 |   enp0s3  |   U   |
[   64.982784] cloud-init[926]: ci-info: +-------+-------------+----------+---------------+-----------+-------+
[   64.983109] cloud-init[926]: Generating public/private rsa key pair.
[   64.983311] cloud-init[926]: Your identification has been saved in /etc/ssh/ssh_host_rsa_key.
[   64.983560] cloud-init[926]: Your public key has been saved in /etc/ssh/ssh_host_rsa_key.pub.
[   64.983757] cloud-init[926]: The key fingerprint is:
[   64.983952] cloud-init[926]: SHA256:uyqtnAH5hcc2a2hMI+/XnFN1RIIt0AHinBveibw0Wyo root@ubuntu-xenial
[   64.984145] cloud-init[926]: The key's randomart image is:
[   64.984389] cloud-init[926]: +---[RSA 2048]----+
[   64.984587] cloud-init[926]: |      . o+.+...  |
[   64.984779] cloud-init[926]: |     o o  + ...  |
[   64.984972] cloud-init[926]: |      =    . .   |
[   64.985164] cloud-init[926]: |   . = = .  . .  |
[   64.985371] cloud-init[926]: |  + + & S  . .   |
[   64.985566] cloud-init[926]: |   B B O ..      |
[   64.985758] cloud-init[926]: |    E.*o.o       |
[   64.985950] cloud-init[926]: |   +.=o =.       |
[   64.986143] cloud-init[926]: |    =+....       |
[   64.986398] cloud-init[926]: +----[SHA256]-----+
[   64.986596] cloud-init[926]: Generating public/private dsa key pair.
[   64.986791] cloud-init[926]: Your identification has been saved in /etc/ssh/ssh_host_dsa_key.
[   64.986987] cloud-init[926]: Your public key has been saved in /etc/ssh/ssh_host_dsa_key.pub.
[   64.987184] cloud-init[926]: The key fingerprint is:
[   64.987382] cloud-init[926]: SHA256:i3Z2L3AUzK3qheEzjvWMDVEcJPyvT6kzUU5gzuw31mA root@ubuntu-xenial
[   64.987581] cloud-init[926]: The key's randomart image is:
[   64.987833] cloud-init[926]: +---[DSA 1024]----+
[   64.988031] cloud-init[926]: |       ..=oo     |
[   64.988227] cloud-init[926]: |        ..O .    |
[   64.988420] cloud-init[926]: |         B +     |
[   64.988612] cloud-init[926]: |        o B E    |
[   64.988805] cloud-init[926]: |       .SB * o   |
[   64.988999] cloud-init[926]: |       .X.= *..  |
[   64.989191] cloud-init[926]: |      o=+%.=o.   |
[   64.989449] cloud-init[926]: |     ..o+.O+     |
[   64.989648] cloud-init[926]: |          .=o    |
[   64.989857] cloud-init[926]: +----[SHA256]-----+
[   64.990050] cloud-init[926]: Generating public/private ecdsa key pair.
[[0;32m  OK  [0m] Started Initial cloud-init job (metadata service crawler).
[   64.993008] cloud-init[926]: Your identification has been saved in /etc/ssh/ssh_host_ecdsa_key.
[   65.409556] cloud-init[926]: Your public key has been saved in /etc/ssh/ssh_host_ecdsa_key.pub.
[   65.476064] cloud-init[926]: The key fingerprint is:
[[0;32m  OK  [0m] Reached target Network is Online.
[   65.486054] cloud-init[926]: SHA256:ciYnzxX6kf5/Ij0uWY636hEtnHKkdvu3kbsK6tIxrso root@ubuntu-xenial
[   65.517299] cloud-init[926]: The key's randomart image is:
         Starting iSCSI initiator daemon (iscsid)...
[[0;32m  OK  [0m] Reached target System Initialization.
[[0;32m  OK  [0m] Listening on ACPID Listen Socket.
[[0;32m  OK  [0m] Started Daily Cleanup of Temporary Directories.
[[0;32m  OK  [0m] Listening on D-Bus System Message Bus Socket.
[   65.545217] cloud-init[926]: +---[ECDSA 256]---+
[   65.774660] cloud-init[926]: |                 |
         Starting LXD - unix socket.
[   65.807949] cloud-init[926]: |                 |
[   65.902250] cloud-init[926]: |          . .    |
[   65.997039] cloud-init[926]: |         . * o   |
[   66.097975] cloud-init[926]: |      + S B B .  |
[   66.105519] cloud-init[926]: |       X B = +. .|
[   66.121126] cloud-init[926]: |        = =.o* o |
[[0;32m  OK  [0m] Started Timer to automatically refresh installed snaps.
[[0;32m  OK  [0m] Listening on UUID daemon activation socket.
[   66.140724] cloud-init[926]: |    .  . o..*o* =|
[   66.174721] cloud-init[926]: |     E..+o .+O*Xo|
[[0;32m  OK  [0m] Started Trigger resolvconf update for networkd DNS.
[[0;32m  OK  [0m] Started Daily apt activities.
[   66.188658] cloud-init[926]: +----[SHA256]-----+
[   66.232133] cloud-init[926]: Generating public/private ed25519 key pair.
[   66.332686] cloud-init[926]: Your identification has been saved in /etc/ssh/ssh_host_ed25519_key.
[   66.332898] cloud-init[926]: Your public key has been saved in /etc/ssh/ssh_host_ed25519_key.pub.
[   66.332998] cloud-init[926]: The key fingerprint is:
[   66.333107] cloud-init[926]: SHA256:pFfA32qSBdzDYoHou+2/eUoBfrBiWT9yqkUEEr+EpEE root@ubuntu-xenial
[   66.333219] cloud-init[926]: The key's randomart image is:
[   66.333359] cloud-init[926]: +--[ED25519 256]--+
[   66.333456] cloud-init[926]: |oE+... +o+       |
[   66.333569] cloud-init[926]: | + +... *.+      |
[   66.333671] cloud-init[926]: |. ..o =..+.o     |
[   66.333766] cloud-init[926]: |   ..* B .o .    |
[   66.333859] cloud-init[926]: |    =.* So .     |
[   66.334005] cloud-init[926]: |   ..o *ooo      |
[   66.334117] cloud-init[926]: |     oo .o       |
[   66.334214] cloud-init[926]: |    .o.. ..      |
[   66.334786] cloud-init[926]: |    ....=+       |
[   66.334886] cloud-init[926]: +----[SHA256]-----+
[[0;32m  OK  [0m] Reached target Timers.
         Starting Socket activation for snappy daemon.
[[0;32m  OK  [0m] Started ACPI Events Check.
[[0;32m  OK  [0m] Reached target Paths.
[[0;32m  OK  [0m] Reached target Cloud-config availability.
[[0;32m  OK  [0m] Listening on LXD - unix socket.
[[0;32m  OK  [0m] Listening on Socket activation for snappy daemon.
[[0;32m  OK  [0m] Started iSCSI initiator daemon (iscsid).
         Starting Login to default iSCSI targets...
[[0;32m  OK  [0m] Reached target Sockets.
[[0;32m  OK  [0m] Reached target Basic System.
[[0;32m  OK  [0m] Started Snappy daemon.
         Starting Auto import assertions from block devices...
         Starting Pollinate to seed the pseudo random number generator...
         Starting Login Service...
         Starting Apply the settings specified in cloud-config...
         Starting System Logging Service...
[[0;32m  OK  [0m] Started ACPI event daemon.
[[0;32m  OK  [0m] Started D-Bus System Message Bus.
         Starting LSB: MD monitoring daemon...
         Starting /etc/rc.local Compatibility...
         Starting Accounts Service...
[[0;32m  OK  [0m] Started Regular background program processing daemon.
         Starting LSB: Record successful boot for GRUB...
[[0;32m  OK  [0m] Started FUSE filesystem for LXC.
[[0;32m  OK  [0m] Started Deferred execution scheduler.
         Starting LXD - container startup/shutdown...
[[0;32m  OK  [0m] Started System Logging Service.
[[0;32m  OK  [0m] Started Auto import assertions from block devices.
[[0;32m  OK  [0m] Started /etc/rc.local Compatibility.
[[0;32m  OK  [0m] Started Login to default iSCSI targets.
[[0;32m  OK  [0m] Started Login Service.
         Starting Authenticate and Authorize Users to Run Privileged Tasks...
[[0;32m  OK  [0m] Reached target Remote File Systems (Pre).
[[0;32m  OK  [0m] Reached target Remote File Systems.
         Starting Permit User Sessions...
         Starting LSB: automatic crash report generation...
         Starting LSB: VirtualBox Linux Additions...
         Starting LSB: Set the CPU Frequency Scaling governor to "ondemand"...
         Starting LSB: daemon to balance interrupts for SMP systems...
[[0;32m  OK  [0m] Started LXD - container startup/shutdown.
[[0;32m  OK  [0m] Started Permit User Sessions.
[[0;32m  OK  [0m] Started LSB: MD monitoring daemon.
[[0;32m  OK  [0m] Started LSB: Record successful boot for GRUB.
         Starting Hold until boot process finishes up...
         Starting Terminate Plymouth Boot Screen...
[[0;32m  OK  [0m] Started Terminate Plymouth Boot Screen.
[[0;32m  OK  [0m] Started Hold until boot process finishes up.
[[0;32m  OK  [0m] Started Serial Getty on ttyS0.
         Starting Set console scheme...
[[0;32m  OK  [0m] Started Getty on tty1.
[[0;32m  OK  [0m] Reached target Login Prompts.
[[0;32m  OK  [0m] Started Set console scheme.
[[0;32m  OK  [0m] Started Authenticate and Authorize Users to Run Privileged Tasks.
[[0;32m  OK  [0m] Started Accounts Service.
[[0;32m  OK  [0m] Started LSB: Set the CPU Frequency Scaling governor to "ondemand".
[[0;32m  OK  [0m] Started LSB: automatic crash report generation.
[[0;32m  OK  [0m] Started LSB: daemon to balance interrupts for SMP systems.
[[0;32m  OK  [0m] Started LSB: VirtualBox Linux Additions.
[   75.977735] cloud-init[1042]: Generating locales (this might take a while)...
[[0;32m  OK  [0m] Started Pollinate to seed the pseudo random number generator.
         Starting OpenBSD Secure Shell server...
[[0;32m  OK  [0m] Started OpenBSD Secure Shell server.
[[0;32m  OK  [0m] Reached target Multi-User System.
[[0;32m  OK  [0m] Reached target Graphical Interface.
         Starting Update UTMP about System Runlevel Changes...
[[0;32m  OK  [0m] Started Update UTMP about System Runlevel Changes.

Ubuntu 16.04.2 LTS ubuntu-xenial ttyS0

ubuntu-xenial login: [   80.819293] cloud-init[1042]:   en_US.UTF-8... done
[   80.830144] cloud-init[1042]: Generation complete.
[   83.625221] cloud-init[1042]: Cloud-init v. 0.7.9 running 'modules:config' at Sun, 23 Apr 2017 02:53:36 +0000. Up 75.21 seconds.
ci-info: no authorized ssh keys fingerprints found for user ubuntu.
<14>Apr 23 02:53:48 ec2: 
<14>Apr 23 02:53:48 ec2: #############################################################
<14>Apr 23 02:53:48 ec2: -----BEGIN SSH HOST KEY FINGERPRINTS-----
<14>Apr 23 02:53:48 ec2: 1024 SHA256:i3Z2L3AUzK3qheEzjvWMDVEcJPyvT6kzUU5gzuw31mA root@ubuntu-xenial (DSA)
<14>Apr 23 02:53:48 ec2: 256 SHA256:ciYnzxX6kf5/Ij0uWY636hEtnHKkdvu3kbsK6tIxrso root@ubuntu-xenial (ECDSA)
<14>Apr 23 02:53:48 ec2: 256 SHA256:pFfA32qSBdzDYoHou+2/eUoBfrBiWT9yqkUEEr+EpEE root@ubuntu-xenial (ED25519)
<14>Apr 23 02:53:48 ec2: 2048 SHA256:uyqtnAH5hcc2a2hMI+/XnFN1RIIt0AHinBveibw0Wyo root@ubuntu-xenial (RSA)
<14>Apr 23 02:53:48 ec2: -----END SSH HOST KEY FINGERPRINTS-----
<14>Apr 23 02:53:48 ec2: #############################################################
-----BEGIN SSH HOST KEY KEYS-----
ecdsa-sha2-nistp256 AAAAE2VjZHNhLXNoYTItbmlzdHAyNTYAAAAIbmlzdHAyNTYAAABBBHaULCom8K5+PrVfWJrHvFLpGQO+GriXo3NSt+p39WAFM2mLTIQ2J7zvc8v3lYRNY1e8caI85bKncPwadsDW+is= root@ubuntu-xenial
ssh-ed25519 AAAAC3NzaC1lZDI1NTE5AAAAIMkNZlFWFgkQdI7pE6XU8XnaojdFsC7rOTyzGZpRTayR root@ubuntu-xenial
ssh-rsa AAAAB3NzaC1yc2EAAAADAQABAAABAQClnQmPX3kZRzakbZBkOAPENqkQTO4QUkmVTnxafCT78Z3z0JZpRDa0ySMFRUtdJoGKd/nEfyXwo4Gy30dCd5LKaDsFL7IN43HXubZ1a8+ctXEBjhIfa1nG/Rw7KfXeE+fsM5qQR8UyY9I8yaLU6d/AhwTNISlFltxRNKcMH1MJaUoF4etVB6k0oRi204ftIqMfhM4NIEdv3wjNQ/lUtPAye2BztCB2aHdceuLbuLEyDEmVlYn2OSOStephbo77ASrk85u6mzXMPOGZbVq3/uTI7r6H14f5gC1rNifTy175sMNDGFchZ1HOP5SQNwAgN33/zmrNGOdKrljD7wHVhVQl root@ubuntu-xenial
-----END SSH HOST KEY KEYS-----
[   87.368603] cloud-init[1383]: Cloud-init v. 0.7.9 running 'modules:final' at Sun, 23 Apr 2017 02:53:47 +0000. Up 85.91 seconds.
[   87.369351] cloud-init[1383]: ci-info: no authorized ssh keys fingerprints found for user ubuntu.
[   87.369714] cloud-init[1383]: Cloud-init v. 0.7.9 finished at Sun, 23 Apr 2017 02:53:48 +0000. Datasource DataSourceNoCloud [seed=/dev/sdb][dsmode=net].  Up 87.32 seconds
